Component: ARM Compiler 5.06 update 7 (build 960) Tool: armlink [4d3601]

==============================================================================

Section Cross References

    startup_stm32g030xx.o(STACK) refers (Special) to heapauxi.o(.text) for __use_two_region_memory
    startup_stm32g030xx.o(HEAP) refers (Special) to heapauxi.o(.text) for __use_two_region_memory
    startup_stm32g030xx.o(RESET) refers (Special) to heapauxi.o(.text) for __use_two_region_memory
    startup_stm32g030xx.o(RESET) refers to startup_stm32g030xx.o(STACK) for __initial_sp
    startup_stm32g030xx.o(RESET) refers to startup_stm32g030xx.o(.text) for Reset_Handler
    startup_stm32g030xx.o(RESET) refers to stm32g0xx_it.o(i.NMI_Handler) for NMI_Handler
    startup_stm32g030xx.o(RESET) refers to stm32g0xx_it.o(i.HardFault_Handler) for HardFault_Handler
    startup_stm32g030xx.o(RESET) refers to stm32g0xx_it.o(i.SVC_Handler) for SVC_Handler
    startup_stm32g030xx.o(RESET) refers to stm32g0xx_it.o(i.PendSV_Handler) for PendSV_Handler
    startup_stm32g030xx.o(RESET) refers to stm32g0xx_it.o(i.SysTick_Handler) for SysTick_Handler
    startup_stm32g030xx.o(RESET) refers to stm32g0xx_it.o(i.RTC_TAMP_IRQHandler) for RTC_TAMP_IRQHandler
    startup_stm32g030xx.o(RESET) refers to stm32g0xx_it.o(i.USART1_IRQHandler) for USART1_IRQHandler
    startup_stm32g030xx.o(.text) refers (Special) to heapauxi.o(.text) for __use_two_region_memory
    startup_stm32g030xx.o(.text) refers to system_stm32g0xx.o(i.SystemInit) for SystemInit
    startup_stm32g030xx.o(.text) refers to __main.o(!!!main) for __main
    startup_stm32g030xx.o(.text) refers to startup_stm32g030xx.o(HEAP) for Heap_Mem
    startup_stm32g030xx.o(.text) refers to startup_stm32g030xx.o(STACK) for Stack_Mem
    main.o(i.HSE_SystemClock_Config) refers to rt_memclr.o(.text) for __aeabi_memclr4
    main.o(i.HSE_SystemClock_Config) refers to stm32g0xx_hal_pwr_ex.o(i.HAL_PWREx_ControlVoltageScaling) for HAL_PWREx_ControlVoltageScaling
    main.o(i.HSE_SystemClock_Config) refers to stm32g0xx_hal_pwr.o(i.HAL_PWR_EnableBkUpAccess) for HAL_PWR_EnableBkUpAccess
    main.o(i.HSE_SystemClock_Config) refers to stm32g0xx_hal_rcc.o(i.HAL_RCC_OscConfig) for HAL_RCC_OscConfig
    main.o(i.HSE_SystemClock_Config) refers to stm32g0xx_hal_rcc.o(i.HAL_RCC_ClockConfig) for HAL_RCC_ClockConfig
    main.o(i.HSE_SystemClock_Config) refers to stm32g0xx_hal_rcc_ex.o(i.HAL_RCCEx_PeriphCLKConfig) for HAL_RCCEx_PeriphCLKConfig
    main.o(i.Sensor_TimeSynchronization) refers to stm32g0xx_hal.o(i.HAL_GetTick) for HAL_GetTick
    main.o(i.Sensor_TimeSynchronization) refers to sensormessagestructure.o(i.SensorControl) for SensorControl
    main.o(i.Sensor_TimeSynchronization) refers to main.o(.data) for .data
    main.o(i.Sensor_TimeSynchronization) refers to systemglobalvar.o(.bss) for SystemGlobalVar
    main.o(i.SystemClock_Config) refers to rt_memclr.o(.text) for __aeabi_memclr4
    main.o(i.SystemClock_Config) refers to stm32g0xx_hal_pwr_ex.o(i.HAL_PWREx_ControlVoltageScaling) for HAL_PWREx_ControlVoltageScaling
    main.o(i.SystemClock_Config) refers to stm32g0xx_hal_pwr.o(i.HAL_PWR_EnableBkUpAccess) for HAL_PWR_EnableBkUpAccess
    main.o(i.SystemClock_Config) refers to stm32g0xx_hal_rcc.o(i.HAL_RCC_OscConfig) for HAL_RCC_OscConfig
    main.o(i.SystemClock_Config) refers to stm32g0xx_hal_rcc.o(i.HAL_RCC_ClockConfig) for HAL_RCC_ClockConfig
    main.o(i.SystemClock_Config) refers to stm32g0xx_hal_rcc_ex.o(i.HAL_RCCEx_PeriphCLKConfig) for HAL_RCCEx_PeriphCLKConfig
    main.o(i.main) refers to stm32g0xx_hal.o(i.HAL_Init) for HAL_Init
    main.o(i.main) refers to main.o(i.SystemClock_Config) for SystemClock_Config
    main.o(i.main) refers to gpio.o(i.MX_GPIO_Init) for MX_GPIO_Init
    main.o(i.main) refers to adc.o(i.MX_ADC1_Init) for MX_ADC1_Init
    main.o(i.main) refers to spi.o(i.MX_SPI2_Init) for MX_SPI2_Init
    main.o(i.main) refers to usart.o(i.MX_USART1_UART_Init) for MX_USART1_UART_Init
    main.o(i.main) refers to usart.o(i.MX_USART2_UART_Init) for MX_USART2_UART_Init
    main.o(i.main) refers to rtc.o(i.MX_RTC_Init) for MX_RTC_Init
    main.o(i.main) refers to iwdg.o(i.MX_IWDG_Init) for MX_IWDG_Init
    main.o(i.main) refers to e28_2g4t12s_lora.o(i.LoRa_InterSleep) for LoRa_InterSleep
    main.o(i.main) refers to lowpowermode.o(i.CheckIsStandby) for CheckIsStandby
    main.o(i.main) refers to stm32g0xx_hal_rtc_ex.o(i.HAL_RTCEx_BKUPRead) for HAL_RTCEx_BKUPRead
    main.o(i.main) refers to stm32g0xx_hal_rtc_ex.o(i.HAL_RTCEx_BKUPWrite) for HAL_RTCEx_BKUPWrite
    main.o(i.main) refers to lowpowermode.o(i.SystemIntoStandbyMode) for SystemIntoStandbyMode
    main.o(i.main) refers to systemglobalvar.o(i.SystemGlobalVar_init) for SystemGlobalVar_init
    main.o(i.main) refers to spi.o(i.SPI_SetSpeed) for SPI_SetSpeed
    main.o(i.main) refers to stm32g0xx_hal.o(i.HAL_Delay) for HAL_Delay
    main.o(i.main) refers to adxl355.o(i.ADXL355_Reset_Sensor) for ADXL355_Reset_Sensor
[...]
    __aeabi_memclr4                          0x0800060f   Thumb Code     0  rt_memclr.o(.text)
    __aeabi_memclr8                          0x0800060f   Thumb Code     0  rt_memclr.o(.text)
    __rt_memclr_w                            0x0800060f   Thumb Code     4  rt_memclr.o(.text)
    strcmp                                   0x08000615   Thumb Code   132  strcmp.o(.text)
    __aeabi_uread4                           0x0800069d   Thumb Code    22  uread4.o(.text)
    __rt_uread4                              0x0800069d   Thumb Code     0  uread4.o(.text)
    __aeabi_uwrite4                          0x080006b3   Thumb Code    16  uwrite4.o(.text)
    __rt_uwrite4                             0x080006b3   Thumb Code     0  uwrite4.o(.text)
    __aeabi_uread8                           0x080006c3   Thumb Code    58  uread8.o(.text)
    __rt_uread8                              0x080006c3   Thumb Code     0  uread8.o(.text)
    __aeabi_uwrite8                          0x080006fd   Thumb Code    44  uwrite8.o(.text)
    __rt_uwrite8                             0x080006fd   Thumb Code     0  uwrite8.o(.text)
    __aeabi_uidiv                            0x08000729   Thumb Code     0  aeabi_sdiv.o(.text)
    __aeabi_uidivmod                         0x08000729   Thumb Code    20  aeabi_sdiv.o(.text)
    __aeabi_idiv                             0x0800073d   Thumb Code     0  aeabi_sdiv.o(.text)
    __aeabi_idivmod                          0x0800073d   Thumb Code   326  aeabi_sdiv.o(.text)
    __use_two_region_memory                  0x08000883   Thumb Code     2  heapauxi.o(.text)
    __rt_heap_escrow$2region                 0x08000885   Thumb Code     2  heapauxi.o(.text)
    __rt_heap_expand$2region                 0x08000887   Thumb Code     2  heapauxi.o(.text)
    __aeabi_d2f                              0x08000889   Thumb Code     0  d2f.o(.text)
    _d2f                                     0x08000889   Thumb Code   120  d2f.o(.text)
    __aeabi_dadd                             0x08000bfd   Thumb Code     0  daddsub.o(.text)
    _dadd                                    0x08000bfd   Thumb Code    26  daddsub.o(.text)
    __aeabi_dsub                             0x08000c17   Thumb Code     0  daddsub.o(.text)
    _dsub                                    0x08000c17   Thumb Code    22  daddsub.o(.text)
    __aeabi_drsub                            0x08000c2d   Thumb Code     0  daddsub.o(.text)
    _drsb                                    0x08000c2d   Thumb Code    28  daddsub.o(.text)
    __aeabi_ddiv                             0x08000c5d   Thumb Code     0  ddiv.o(.text)
    _ddiv                                    0x08000c5d   Thumb Code  1072  ddiv.o(.text)
    _drdiv                                   0x0800108d   Thumb Code    20  ddiv.o(.text)
    __aeabi_d2uiz                            0x080010a5   Thumb Code     0  dfixui.o(.text)
    _dfixu                                   0x080010a5   Thumb Code    68  dfixui.o(.text)
    __aeabi_i2d_normalise                    0x080010ed   Thumb Code    66  dflti.o(.text)
    __aeabi_i2d                              0x0800112f   Thumb Code    16  dflti.o(.text)
    _dflt                                    0x0800112f   Thumb Code     0  dflti.o(.text)
    __aeabi_ui2d                             0x0800113f   Thumb Code     6  dflti.o(.text)
    _dfltu                                   0x0800113f   Thumb Code     0  dflti.o(.text)
    __aeabi_dmul                             0x08001145   Thumb Code     0  dmul.o(.text)
    _dmul                                    0x08001145   Thumb Code   558  dmul.o(.text)
    __ARM_scalbn                             0x0800138d   Thumb Code    84  dscalbn.o(.text)
    __aeabi_f2d                              0x080013ed   Thumb Code     0  f2d.o(.text)
    _f2d                                     0x080013ed   Thumb Code    80  f2d.o(.text)
    __aeabi_fdiv                             0x08001441   Thumb Code     0  fdiv.o(.text)
    _fdiv                                    0x08001441   Thumb Code   334  fdiv.o(.text)
    _frdiv                                   0x0800158f   Thumb Code     8  fdiv.o(.text)
    __aeabi_f2uiz                            0x080015a1   Thumb Code     0  ffixui.o(.text)
    _ffixu                                   0x080015a1   Thumb Code    48  ffixui.o(.text)
    __aeabi_i2f_normalise                    0x080015d1   Thumb Code    72  fflti.o(.text)
    __aeabi_i2f                              0x08001619   Thumb Code    16  fflti.o(.text)
    _fflt                                    0x08001619   Thumb Code     0  fflti.o(.text)
    __aeabi_ui2f                             0x08001629   Thumb Code     6  fflti.o(.text)
    _ffltu                                   0x08001629   Thumb Code     0  fflti.o(.text)
    __ARM_scalbnf                            0x08001631   Thumb Code    64  fscalbn.o(.text)
    __I$use$semihosting                      0x08001675   Thumb Code     0  use_no_semi.o(.text)
    __use_no_semihosting_swi                 0x08001675   Thumb Code     2  use_no_semi.o(.text)
    __read_errno                             0x08001677   Thumb Code    10  _rserrno.o(.text)
    __set_errno                              0x08001681   Thumb Code    12  _rserrno.o(.text)
    _printf_int_common                       0x0800168d   Thumb Code   176  _printf_intcommon.o(.text)
    __lib_sel_fp_printf                      0x0800173d   Thumb Code     2  _printf_fp_dec.o(.text)
    _printf_fp_dec_real                      0x080018db   Thumb Code   620  _printf_fp_dec.o(.text)
    _printf_cs_common                        0x08001b55   Thumb Code    22  _printf_char.o(.text)
    _printf_char                             0x08001b6b   Thumb Code    16  _printf_char.o(.text)
    _printf_string                           0x08001b7b   Thumb Code     8  _printf_char.o(.text)
    _printf_char_file                        0x08001b85   Thumb Code    34  _printf_char_file.o(.text)
    __rt_udiv10                              0x08001bad   Thumb Code    40  rtudiv10.o(.text)
    _dsqrt                                   0x08001bd5   Thumb Code   248  dsqrt.o(.text)
    __fpl_fcmp_InfNaN                        0x08001cd5   Thumb Code    96  fcmpin.o(.text)
    __rt_locale                              0x08001d39   Thumb Code     8  rt_locale_intlibspace.o(.text)
    __aeabi_errno_addr                       0x08001d41   Thumb Code     8  rt_errno_addr_intlibspace.o(.text)
    __errno$intlibspace                      0x08001d41   Thumb Code     0  rt_errno_addr_intlibspace.o(.text)
    __rt_errno_addr$intlibspace              0x08001d41   Thumb Code     0  rt_errno_addr_intlibspace.o(.text)
    _ll_udiv10                               0x08001d49   Thumb Code   122  lludiv10.o(.text)
    _printf_char_common                      0x08001dcf   Thumb Code    32  _printf_char_common.o(.text)
    _printf_fp_infnan                        0x08001df5   Thumb Code   120  _printf_fp_infnan.o(.text)
    _btod_etento                             0x08001e7d   Thumb Code   210  bigflt0.o(.text)
    _btod_d2e                                0x08001f55   Thumb Code    64  btod.o(.text)
    _btod_emul                               0x08002389   Thumb Code    28  btod.o(.text)
    _btod_emuld                              0x080023a5   Thumb Code   144  btod.o(.text)
    _btod_ediv                               0x08002435   Thumb Code    26  btod.o(.text)
    _btod_edivd                              0x0800244f   Thumb Code   124  btod.o(.text)
    ferror                                   0x080024d5   Thumb Code     8  ferror.o(.text)
    __fpl_cmpreturn                          0x080024dd   Thumb Code    46  cmpret.o(.text)
    __aeabi_d2iz                             0x0800250d   Thumb Code     0  dfixi.o(.text)
    _dfix                                    0x0800250d   Thumb Code    98  dfixi.o(.text)
    __fpl_fcheck_NaN2                        0x08002579   Thumb Code    10  fnan2.o(.text)
    __user_libspace                          0x08002589   Thumb Code     8  libspace.o(.text)
    __user_perproc_libspace                  0x08002589   Thumb Code     0  libspace.o(.text)
    __user_perthread_libspace                0x08002589   Thumb Code     0  libspace.o(.text)
    __user_setup_stackheap                   0x08002591   Thumb Code    62  sys_stackheap_outer.o(.text)
    exit                                     0x080025cf   Thumb Code    16  exit.o(.text)
    __fpl_return_NaN                         0x080025df   Thumb Code    94  retnan.o(.text)
    ADC_Enable                               0x0800263d   Thumb Code   162  stm32g0xx_hal_adc.o(i.ADC_Enable)
    ADXL355_ACT_EN_W                         0x080026f1   Thumb Code    14  adxl355.o(i.ADXL355_ACT_EN_W)
    ADXL355_ACT_Set                          0x08002701   Thumb Code   118  adxl355.o(i.ADXL355_ACT_Set)
    ADXL355_ACT_THRESH_RW                    0x080027cd   Thumb Code    74  adxl355.o(i.ADXL355_ACT_THRESH_RW)
    ADXL355_Acceleration_Data_Conversion     0x08002819   Thumb Code    22  adxl355.o(i.ADXL355_Acceleration_Data_Conversion)
    ADXL355_Data_Pro                         0x08002835   Thumb Code   306  adxl355.o(i.ADXL355_Data_Pro)
    ADXL355_Data_Read                        0x08002979   Thumb Code   110  adxl355.o(i.ADXL355_Data_Read)
    ADXL355_Data_Scan                        0x08002a19   Thumb Code   234  adxl355.o(i.ADXL355_Data_Scan)
    ADXL355_Init                             0x08002b0d   Thumb Code   184  adxl355.o(i.ADXL355_Init)
    ADXL355_Offset_RW                        0x08002c01   Thumb Code   154  adxl355.o(i.ADXL355_Offset_RW)
    ADXL355_Read_Temp                        0x08002c9d   Thumb Code    88  adxl355.o(i.ADXL355_Read_Temp)
    ADXL355_Reset_Sensor                     0x08002d25   Thumb Code    18  adxl355.o(i.ADXL355_Reset_Sensor)
    ADXL355_Start_Sensor                     0x08002d37   Thumb Code    30  adxl355.o(i.ADXL355_Start_Sensor)
    ADXL355_Status_Read                      0x08002d55   Thumb Code    18  adxl355.o(i.ADXL355_Status_Read)
    ADXL355_Stop_Sensor                      0x08002d67   Thumb Code    30  adxl355.o(i.ADXL355_Stop_Sensor)
    CRC16                                    0x08002d85   Thumb Code    42  crc16.o(i.CRC16)
    ChangePassword                           0x08002db5   Thumb Code    96  hyperterminal.o(i.ChangePassword)
    CheckIsStandby                           0x08002ea5   Thumb Code    22  lowpowermode.o(i.CheckIsStandby)
    CycleSamplingConfig                      0x08002ec5   Thumb Code   136  hyperterminal.o(i.CycleSamplingConfig)
    Error_Handler                            0x0800301d   Thumb Code     4  main.o(i.Error_Handler)
    FLASH_PageErase                          0x08003035   Thumb Code    20  stm32g0xx_hal_flash_ex.o(i.FLASH_PageErase)
    FLASH_WaitForLastOperation               0x080030a1   Thumb Code    82  stm32g0xx_hal_flash.o(i.FLASH_WaitForLastOperation)
    GetTowerTiltedVals                       0x08003105   Thumb Code   186  sensormessagestructure.o(i.GetTowerTiltedVals)
    HAL_ADC_ConfigChannel                    0x080031d5   Thumb Code   522  stm32g0xx_hal_adc.o(i.HAL_ADC_ConfigChannel)
    HAL_ADC_GetValue                         0x080033f9   Thumb Code     6  stm32g0xx_hal_adc.o(i.HAL_ADC_GetValue)
    HAL_ADC_Init                             0x08003401   Thumb Code   568  stm32g0xx_hal_adc.o(i.HAL_ADC_Init)
    HAL_ADC_MspInit                          0x0800365d   Thumb Code    80  adc.o(i.HAL_ADC_MspInit)
    HAL_ADC_PollForConversion                0x080036b9   Thumb Code   196  stm32g0xx_hal_adc.o(i.HAL_ADC_PollForConversion)
    HAL_ADC_Start                            0x0800377d   Thumb Code    94  stm32g0xx_hal_adc.o(i.HAL_ADC_Start)
    HAL_DMA_Abort                            0x080037e5   Thumb Code   112  stm32g0xx_hal_dma.o(i.HAL_DMA_Abort)
    HAL_DMA_Abort_IT                         0x08003859   Thumb Code   118  stm32g0xx_hal_dma.o(i.HAL_DMA_Abort_IT)
    HAL_Delay                                0x080038d5   Thumb Code    32  stm32g0xx_hal.o(i.HAL_Delay)
    HAL_FLASHEx_Erase                        0x080038f9   Thumb Code   126  stm32g0xx_hal_flash_ex.o(i.HAL_FLASHEx_Erase)
    HAL_FLASH_Lock                           0x08003981   Thumb Code    22  stm32g0xx_hal_flash.o(i.HAL_FLASH_Lock)
    HAL_FLASH_Program                        0x0800399d   Thumb Code    88  stm32g0xx_hal_flash.o(i.HAL_FLASH_Program)
    HAL_FLASH_Unlock                         0x080039fd   Thumb Code    28  stm32g0xx_hal_flash.o(i.HAL_FLASH_Unlock)
    HAL_GPIO_Init                            0x08003a25   Thumb Code   326  stm32g0xx_hal_gpio.o(i.HAL_GPIO_Init)
    HAL_GPIO_ReadPin                         0x08003b7d   Thumb Code    10  stm32g0xx_hal_gpio.o(i.HAL_GPIO_ReadPin)
    HAL_GPIO_WritePin                        0x08003b87   Thumb Code    12  stm32g0xx_hal_gpio.o(i.HAL_GPIO_WritePin)
    HAL_GetTick                              0x08003b95   Thumb Code     6  stm32g0xx_hal.o(i.HAL_GetTick)
    HAL_GetUIDw0                             0x08003ba1   Thumb Code     6  stm32g0xx_hal.o(i.HAL_GetUIDw0)
    HAL_IWDG_Init                            0x08003bad   Thumb Code    94  stm32g0xx_hal_iwdg.o(i.HAL_IWDG_Init)
    HAL_IWDG_Refresh                         0x08003c19   Thumb Code    10  stm32g0xx_hal_iwdg.o(i.HAL_IWDG_Refresh)
    HAL_IncTick                              0x08003c29   Thumb Code    12  stm32g0xx_hal.o(i.HAL_IncTick)
    HAL_Init                                 0x08003c39   Thumb Code    36  stm32g0xx_hal.o(i.HAL_Init)
    HAL_InitTick                             0x08003c61   Thumb Code    64  stm32g0xx_hal.o(i.HAL_InitTick)
    HAL_MspInit                              0x08003ca9   Thumb Code    38  stm32g0xx_hal_msp.o(i.HAL_MspInit)
    HAL_NVIC_EnableIRQ                       0x08003cd5   Thumb Code    18  stm32g0xx_hal_cortex.o(i.HAL_NVIC_EnableIRQ)
    HAL_NVIC_SetPriority                     0x08003ced   Thumb Code     8  stm32g0xx_hal_cortex.o(i.HAL_NVIC_SetPriority)
    HAL_NVIC_SystemReset                     0x08003cf5   Thumb Code    18  stm32g0xx_hal_cortex.o(i.HAL_NVIC_SystemReset)
    HAL_PWREx_ControlVoltageScaling          0x08003d11   Thumb Code    62  stm32g0xx_hal_pwr_ex.o(i.HAL_PWREx_ControlVoltageScaling)
    HAL_PWR_DisableWakeUpPin                 0x08003d5d   Thumb Code    14  stm32g0xx_hal_pwr.o(i.HAL_PWR_DisableWakeUpPin)
    HAL_PWR_EnableBkUpAccess                 0x08003d71   Thumb Code    12  stm32g0xx_hal_pwr.o(i.HAL_PWR_EnableBkUpAccess)
    HAL_PWR_EnableWakeUpPin                  0x08003d81   Thumb Code    24  stm32g0xx_hal_pwr.o(i.HAL_PWR_EnableWakeUpPin)
    HAL_PWR_EnterSTANDBYMode                 0x08003d9d   Thumb Code    26  stm32g0xx_hal_pwr.o(i.HAL_PWR_EnterSTANDBYMode)
    HAL_RCCEx_PeriphCLKConfig                0x08003dc1   Thumb Code   320  stm32g0xx_hal_rcc_ex.o(i.HAL_RCCEx_PeriphCLKConfig)
    HAL_RCC_ClockConfig                      0x08003f0d   Thumb Code   318  stm32g0xx_hal_rcc.o(i.HAL_RCC_ClockConfig)
    HAL_RCC_GetPCLK1Freq                     0x08004065   Thumb Code    26  stm32g0xx_hal_rcc.o(i.HAL_RCC_GetPCLK1Freq)
    HAL_RCC_GetSysClockFreq                  0x0800408d   Thumb Code   130  stm32g0xx_hal_rcc.o(i.HAL_RCC_GetSysClockFreq)
    HAL_RCC_OscConfig                        0x08004119   Thumb Code   954  stm32g0xx_hal_rcc.o(i.HAL_RCC_OscConfig)
    HAL_RTCEx_BKUPRead                       0x080044f9   Thumb Code    18  stm32g0xx_hal_rtc_ex.o(i.HAL_RTCEx_BKUPRead)
    HAL_RTCEx_BKUPWrite                      0x0800450b   Thumb Code    18  stm32g0xx_hal_rtc_ex.o(i.HAL_RTCEx_BKUPWrite)
    HAL_RTCEx_SetWakeUpTimer                 0x0800451d   Thumb Code   154  stm32g0xx_hal_rtc_ex.o(i.HAL_RTCEx_SetWakeUpTimer)
    HAL_RTCEx_SetWakeUpTimer_IT              0x080045bd   Thumb Code   188  stm32g0xx_hal_rtc_ex.o(i.HAL_RTCEx_SetWakeUpTimer_IT)
    HAL_RTCEx_WakeUpTimerEventCallback       0x08004681   Thumb Code     8  rtc.o(i.HAL_RTCEx_WakeUpTimerEventCallback)
    HAL_RTCEx_WakeUpTimerIRQHandler          0x0800468d   Thumb Code    34  stm32g0xx_hal_rtc_ex.o(i.HAL_RTCEx_WakeUpTimerIRQHandler)
    HAL_RTC_GetDate                          0x080046af   Thumb Code    68  stm32g0xx_hal_rtc.o(i.HAL_RTC_GetDate)
    HAL_RTC_GetTime                          0x080046f5   Thumb Code    82  stm32g0xx_hal_rtc.o(i.HAL_RTC_GetTime)
    HAL_RTC_Init                             0x0800474d   Thumb Code   160  stm32g0xx_hal_rtc.o(i.HAL_RTC_Init)
    HAL_RTC_MspInit                          0x080047f1   Thumb Code    42  rtc.o(i.HAL_RTC_MspInit)
    HAL_RTC_SetDate                          0x08004825   Thumb Code   152  stm32g0xx_hal_rtc.o(i.HAL_RTC_SetDate)
    HAL_RTC_SetTime                          0x080048c1   Thumb Code   188  stm32g0xx_hal_rtc.o(i.HAL_RTC_SetTime)
    HAL_RTC_WaitForSynchro                   0x08004981   Thumb Code    52  stm32g0xx_hal_rtc.o(i.HAL_RTC_WaitForSynchro)
    HAL_SPI_Init                             0x080049b5   Thumb Code   238  stm32g0xx_hal_spi.o(i.HAL_SPI_Init)
    HAL_SPI_MspInit                          0x08004aa5   Thumb Code   138  spi.o(i.HAL_SPI_MspInit)
    HAL_SPI_TransmitReceive                  0x08004b3d   Thumb Code   498  stm32g0xx_hal_spi.o(i.HAL_SPI_TransmitReceive)
    HAL_SYSTICK_Config                       0x08004d31   Thumb Code    38  stm32g0xx_hal_cortex.o(i.HAL_SYSTICK_Config)
    HAL_UARTEx_DisableFifoMode               0x08004d61   Thumb Code    60  stm32g0xx_hal_uart_ex.o(i.HAL_UARTEx_DisableFifoMode)
    HAL_UARTEx_RxEventCallback               0x08004d9d   Thumb Code     2  stm32g0xx_hal_uart.o(i.HAL_UARTEx_RxEventCallback)
    HAL_UARTEx_RxFifoFullCallback            0x08004d9f   Thumb Code     2  stm32g0xx_hal_uart_ex.o(i.HAL_UARTEx_RxFifoFullCallback)
    HAL_UARTEx_SetRxFifoThreshold            0x08004da1   Thumb Code    72  stm32g0xx_hal_uart_ex.o(i.HAL_UARTEx_SetRxFifoThreshold)
    HAL_UARTEx_SetTxFifoThreshold            0x08004de9   Thumb Code    70  stm32g0xx_hal_uart_ex.o(i.HAL_UARTEx_SetTxFifoThreshold)
    HAL_UARTEx_TxFifoEmptyCallback           0x08004e2f   Thumb Code     2  stm32g0xx_hal_uart_ex.o(i.HAL_UARTEx_TxFifoEmptyCallback)
    HAL_UARTEx_WakeupCallback                0x08004e31   Thumb Code     2  stm32g0xx_hal_uart_ex.o(i.HAL_UARTEx_WakeupCallback)
    HAL_UART_ErrorCallback                   0x08004e35   Thumb Code    36  usart.o(i.HAL_UART_ErrorCallback)
    HAL_UART_IRQHandler                      0x08004e65   Thumb Code   726  stm32g0xx_hal_uart.o(i.HAL_UART_IRQHandler)
    HAL_UART_Init                            0x0800514d   Thumb Code   108  stm32g0xx_hal_uart.o(i.HAL_UART_Init)
    HAL_UART_MspInit                         0x080051b9   Thumb Code   160  usart.o(i.HAL_UART_MspInit)
    HAL_UART_Receive_IT                      0x08005269   Thumb Code   100  stm32g0xx_hal_uart.o(i.HAL_UART_Receive_IT)
    HAL_UART_RxCpltCallback                  0x080052cd   Thumb Code    20  usart.o(i.HAL_UART_RxCpltCallback)
    HAL_UART_TxCpltCallback                  0x080052e9   Thumb Code     2  stm32g0xx_hal_uart.o(i.HAL_UART_TxCpltCallback)
    HardFault_Handler                        0x080052eb   Thumb Code     2  stm32g0xx_it.o(i.HardFault_Handler)
    HyperTerminal_GetKey                     0x080052ed   Thumb Code    44  hyperterminal.o(i.HyperTerminal_GetKey)
    HyperTerminal_Menu                       0x0800531d   Thumb Code   124  hyperterminal.o(i.HyperTerminal_Menu)
    IWDG_Feed                                0x080053dd   Thumb Code    18  iwdg.o(i.IWDG_Feed)
    IWDG_Init                                0x080053f9   Thumb Code    28  iwdg.o(i.IWDG_Init)
    Is_Leap_Year                             0x08005421   Thumb Code    42  timestamp.o(i.Is_Leap_Year)
    LoRaConfig                               0x08005491   Thumb Code  1756  hyperterminal.o(i.LoRaConfig)
    LoRa_Buf_clear                           0x08005c1d   Thumb Code    18  lora_uart.o(i.LoRa_Buf_clear)
    LoRa_DataPro                             0x08005c39   Thumb Code    72  e28_2g4t12s_lora.o(i.LoRa_DataPro)
    LoRa_Init                                0x08005c8d   Thumb Code    42  e28_2g4t12s_lora.o(i.LoRa_Init)
    LoRa_InterSleep                          0x08005cbd   Thumb Code    14  e28_2g4t12s_lora.o(i.LoRa_InterSleep)
    LoRa_ModeExchange                        0x08005ccd   Thumb Code   236  e28_2g4t12s_lora.o(i.LoRa_ModeExchange)
    LoRa_ParaToBaud                          0x08005e39   Thumb Code    62  e28_2g4t12s_lora.o(i.LoRa_ParaToBaud)
    LoRa_RSSI_Read                           0x08005e79   Thumb Code    72  e28_2g4t12s_lora.o(i.LoRa_RSSI_Read)
    LoRa_ReadConfigPara                      0x08005ec5   Thumb Code    88  e28_2g4t12s_lora.o(i.LoRa_ReadConfigPara)
    LoRa_Rec_TimeOut_Process                 0x08005f51   Thumb Code    54  lora_uart.o(i.LoRa_Rec_TimeOut_Process)
    LoRa_Rec_interrupt_process               0x08005f8d   Thumb Code    30  lora_uart.o(i.LoRa_Rec_interrupt_process)
    LoRa_SendData                            0x08005fb5   Thumb Code    50  e28_2g4t12s_lora.o(i.LoRa_SendData)
    LoRa_UartParaInit                        0x08006011   Thumb Code    14  lora_uart.o(i.LoRa_UartParaInit)
    LoRa_WriteConfigPara                     0x08006025   Thumb Code    34  e28_2g4t12s_lora.o(i.LoRa_WriteConfigPara)
    LoRa_send_data                           0x08006049   Thumb Code    30  lora_uart.o(i.LoRa_send_data)
    MX_ADC1_Init                             0x0800606d   Thumb Code   104  adc.o(i.MX_ADC1_Init)
    MX_GPIO_Init                             0x080060e1   Thumb Code   218  gpio.o(i.MX_GPIO_Init)
    MX_IWDG_Init                             0x080061cd   Thumb Code     2  iwdg.o(i.MX_IWDG_Init)
    MX_RTC_Init                              0x080061d1   Thumb Code   170  rtc.o(i.MX_RTC_Init)
    MX_SPI2_Init                             0x08006289   Thumb Code    78  spi.o(i.MX_SPI2_Init)
    MX_USART1_UART_Init                      0x080062e1   Thumb Code   106  usart.o(i.MX_USART1_UART_Init)
    MX_USART2_UART_Init                      0x08006359   Thumb Code    50  usart.o(i.MX_USART2_UART_Init)
    Main_Menu                                0x08006395   Thumb Code   250  hyperterminal.o(i.Main_Menu)
    NMI_Handler                              0x08006619   Thumb Code     2  stm32g0xx_it.o(i.NMI_Handler)
    NumToSerialNumberString                  0x0800661b   Thumb Code    32  systemglobalvar.o(i.NumToSerialNumberString)
    PendSV_Handler                           0x0800663b   Thumb Code     2  stm32g0xx_it.o(i.PendSV_Handler)
    RTC_Bcd2ToByte                           0x0800663d   Thumb Code    16  stm32g0xx_hal_rtc.o(i.RTC_Bcd2ToByte)
    RTC_ByteToBcd2                           0x0800664d   Thumb Code    24  stm32g0xx_hal_rtc.o(i.RTC_ByteToBcd2)
    RTC_EnterInitMode                        0x08006665   Thumb Code    68  stm32g0xx_hal_rtc.o(i.RTC_EnterInitMode)
    RTC_ExitInitMode                         0x080066a9   Thumb Code    74  stm32g0xx_hal_rtc.o(i.RTC_ExitInitMode)
    RTC_Get_Stamp                            0x080066f9   Thumb Code    64  timestamp.o(i.RTC_Get_Stamp)
    RTC_Get_Time                             0x08006781   Thumb Code    40  timestamp.o(i.RTC_Get_Time)
    RTC_Set_Stamp                            0x080067ad   Thumb Code    32  timestamp.o(i.RTC_Set_Stamp)
    RTC_Set_Time                             0x080067cd   Thumb Code    66  timestamp.o(i.RTC_Set_Time)
    RTC_TAMP_IRQHandler                      0x0800685d   Thumb Code    10  stm32g0xx_it.o(i.RTC_TAMP_IRQHandler)
    Read_Bat_Voltage                         0x0800686d   Thumb Code   182  adc_app.o(i.Read_Bat_Voltage)
    SPI_ADXL355_READBYTE                     0x08006935   Thumb Code   110  adxl355.o(i.SPI_ADXL355_READBYTE)
    SPI_ADXL355_WRITE                        0x080069ad   Thumb Code    52  adxl355.o(i.SPI_ADXL355_WRITE)
    SPI_ReadWriteByte                        0x08006a35   Thumb Code    34  spi.o(i.SPI_ReadWriteByte)
    SPI_SetSpeed                             0x08006a59   Thumb Code    40  spi.o(i.SPI_SetSpeed)
    STMFLASH_Read                            0x08006c15   Thumb Code    22  stmflash.o(i.STMFLASH_Read)
    STM_FLASH_Save                           0x08006c2d   Thumb Code   120  stmflash.o(i.STM_FLASH_Save)
    SVC_Handler                              0x08006ca9   Thumb Code     2  stm32g0xx_it.o(i.SVC_Handler)
    SensorAlarmLimitConfig                   0x08006cad   Thumb Code   118  hyperterminal.o(i.SensorAlarmLimitConfig)
    SensorAlarmLimitDataRequest              0x08006de5   Thumb Code   530  sensormessagestructure.o(i.SensorAlarmLimitDataRequest)
    SensorAlarmLimitDataSet                  0x08007129   Thumb Code   520  sensormessagestructure.o(i.SensorAlarmLimitDataSet)
    SensorControl                            0x08007461   Thumb Code   190  sensormessagestructure.o(i.SensorControl)
    SensorControlAnalysis                    0x08007521   Thumb Code   506  sensormessagestructure.o(i.SensorControlAnalysis)
    SensorDeviceConfig                       0x080078c9   Thumb Code   418  hyperterminal.o(i.SensorDeviceConfig)
    SensorID_BigEnd                          0x08007b99   Thumb Code    26  sensormessagestructure.o(i.SensorID_BigEnd)
    SensorMessagePro                         0x08007bb5   Thumb Code   192  sensormessagestructure.o(i.SensorMessagePro)
    SensorMonitoringDataAndStatusUp          0x08007d75   Thumb Code    84  sensormessagestructure.o(i.SensorMonitoringDataAndStatusUp)
    SensorMonitoringDataUp                   0x08007dcd   Thumb Code   200  sensormessagestructure.o(i.SensorMonitoringDataUp)
    SensorStatusSet                          0x08007f2d   Thumb Code   104  sensormessagestructure.o(i.SensorStatusSet)
    SensorStatusUp                           0x08007fc1   Thumb Code   298  sensormessagestructure.o(i.SensorStatusUp)
    Sensor_TimeSynchronization               0x080081e5   Thumb Code    82  main.o(i.Sensor_TimeSynchronization)
    Shell_SensorAlarmLimitDataRequest        0x08008241   Thumb Code    50  sensormessagestructure.o(i.Shell_SensorAlarmLimitDataRequest)
    Shell_SensorMonitoringDataUp             0x080082cd   Thumb Code   178  sensormessagestructure.o(i.Shell_SensorMonitoringDataUp)
    Shell_SensorStatusUp                     0x08008419   Thumb Code   258  sensormessagestructure.o(i.Shell_SensorStatusUp)
    Sleep_Opt                                0x08008601   Thumb Code    56  lowpowermode.o(i.Sleep_Opt)
    Stamp2Time                               0x08008649   Thumb Code   160  timestamp.o(i.Stamp2Time)
    StandbyMode                              0x080086f5   Thumb Code    48  lowpowermode.o(i.StandbyMode)
    SysTick_Handler                          0x08008731   Thumb Code     8  stm32g0xx_it.o(i.SysTick_Handler)
    SystemClock_Config                       0x08008739   Thumb Code   168  main.o(i.SystemClock_Config)
    SystemConfigSave                         0x080087e9   Thumb Code    14  systemglobalvar.o(i.SystemConfigSave)
    SystemFactoryResetConfig                 0x08008801   Thumb Code    50  hyperterminal.o(i.SystemFactoryResetConfig)
    SystemGlobalVarInitToFlash               0x08008881   Thumb Code   340  systemglobalvar.o(i.SystemGlobalVarInitToFlash)
    SystemGlobalVar_init                     0x08008a19   Thumb Code   134  systemglobalvar.o(i.SystemGlobalVar_init)
    SystemInit                               0x08008b25   Thumb Code     2  system_stm32g0xx.o(i.SystemInit)
    SystemIntoStandbyMode                    0x08008b29   Thumb Code    26  lowpowermode.o(i.SystemIntoStandbyMode)
    SystemTimeConfig                         0x08008b75   Thumb Code   486  hyperterminal.o(i.SystemTimeConfig)
    SystemsParameterDisplay                  0x08008ec5   Thumb Code  1588  hyperterminal.o(i.SystemsParameterDisplay)
    TiltSensorsConfig                        0x08009535   Thumb Code   222  hyperterminal.o(i.TiltSensorsConfig)
    Time2Stamp                               0x0800973d   Thumb Code   162  timestamp.o(i.Time2Stamp)
    UART_AdvFeatureConfig                    0x08009839   Thumb Code   202  stm32g0xx_hal_uart.o(i.UART_AdvFeatureConfig)
    UART_CheckIdleState                      0x08009905   Thumb Code    94  stm32g0xx_hal_uart.o(i.UART_CheckIdleState)
    UART_SetConfig                           0x08009e51   Thumb Code   328  stm32g0xx_hal_uart.o(i.UART_SetConfig)
    UART_Start_Receive_IT                    0x08009fb9   Thumb Code   260  stm32g0xx_hal_uart.o(i.UART_Start_Receive_IT)
    UART_WaitOnFlagUntilTimeout              0x0800a0d1   Thumb Code   210  stm32g0xx_hal_uart.o(i.UART_WaitOnFlagUntilTimeout)
    USART1_IRQHandler                        0x0800a1a5   Thumb Code    20  stm32g0xx_it.o(i.USART1_IRQHandler)
    WaitInput                                0x0800a1c1   Thumb Code   252  hyperterminal.o(i.WaitInput)
    WaitInputNum                             0x0800a2c1   Thumb Code   150  hyperterminal.o(i.WaitInputNum)
    WaitInputPassWrod                        0x0800a35d   Thumb Code    98  hyperterminal.o(i.WaitInputPassWrod)
    __ARM_common_ll_muluu                    0x0800a3f1   Thumb Code    48  btod.o(i.__ARM_common_ll_muluu)
    __ARM_common_switch8                     0x0800a421   Thumb Code    26  stm32g0xx_hal_dma.o(i.__ARM_common_switch8)
    __ARM_fpclassify                         0x0800a43d   Thumb Code    40  fpclassify.o(i.__ARM_fpclassify)
    __ieee754_rem_pio2                       0x0800a4ad   Thumb Code   838  rred.o(i.__ieee754_rem_pio2)
    __kernel_cos                             0x0800a849   Thumb Code   224  cos_i.o(i.__kernel_cos)
    __kernel_poly                            0x0800a93d   Thumb Code   172  poly.o(i.__kernel_poly)
    __kernel_sin                             0x0800a9e9   Thumb Code   222  sin_i.o(i.__kernel_sin)
    __kernel_tan                             0x0800aad5   Thumb Code   576  tan_i.o(i.__kernel_tan)
    __mathlib_dbl_infnan                     0x0800ad45   Thumb Code    10  dunder.o(i.__mathlib_dbl_infnan)
    __mathlib_dbl_invalid                    0x0800ad4f   Thumb Code    16  dunder.o(i.__mathlib_dbl_invalid)
    __mathlib_dbl_underflow                  0x0800ad61   Thumb Code    14  dunder.o(i.__mathlib_dbl_underflow)
    _is_digit                                0x0800ad75   Thumb Code    14  __printf_wp.o(i._is_digit)
    _sys_exit                                0x0800ad83   Thumb Code     2  usart.o(i._sys_exit)
    atan                                     0x0800ad85   Thumb Code   472  atan.o(i.atan)
    fputc                                    0x0800afa1   Thumb Code    16  usart.o(i.fputc)
    main                                     0x0800afb5   Thumb Code   700  main.o(i.main)
    set_baudrate                             0x0800b329   Thumb Code    66  usart.o(i.set_baudrate)
    sin                                      0x0800b399   Thumb Code   146  sin.o(i.sin)
    sqrt                                     0x0800b435   Thumb Code    66  sqrt.o(i.sqrt)
    tan                                      0x0800b47d   Thumb Code    86  tan.o(i.tan)
    _get_lc_numeric                          0x0800b4dd   Thumb Code    44  lc_numeric_c.o(locale$$code)
    __aeabi_fadd                             0x0800b509   Thumb Code     0  faddsub.o(x$fpl$fadd)
    _fadd                                    0x0800b509   Thumb Code   134  faddsub.o(x$fpl$fadd)
    __aeabi_cfcmple                          0x0800b595   Thumb Code     0  flef.o(x$fpl$fleqf)
    _fcmple                                  0x0800b595   Thumb Code    78  flef.o(x$fpl$fleqf)
    __aeabi_fmul                             0x0800b5e9   Thumb Code     0  fmul.o(x$fpl$fmul)
    _fmul                                    0x0800b5e9   Thumb Code   172  fmul.o(x$fpl$fmul)
    __aeabi_cfrcmple                         0x0800b699   Thumb Code     0  frlef.o(x$fpl$frleqf)
    _frcmple                                 0x0800b699   Thumb Code    84  frlef.o(x$fpl$frleqf)
    __aeabi_frsub                            0x0800b6f1   Thumb Code     0  faddsub.o(x$fpl$frsb)
    _frsb                                    0x0800b6f1   Thumb Code    24  faddsub.o(x$fpl$frsb)
    __aeabi_fsub                             0x0800b709   Thumb Code     0  faddsub.o(x$fpl$fsub)
    _fsub                                    0x0800b709   Thumb Code   204  faddsub.o(x$fpl$fsub)
    _printf_fp_dec                           0x0800b7d9   Thumb Code    16  printf1.o(x$fpl$printf1)
    UARTPrescTable                           0x0800b7e8   Data          24  stm32g0xx_hal_uart.o(.constdata)
    __I$use$fp                               0x0800b7e8   Number         0  usenofp.o(x$fpl$usenofp)
    AHBPrescTable                            0x0800b810   Data          64  system_stm32g0xx.o(.constdata)
    APBPrescTable                            0x0800b850   Data          32  system_stm32g0xx.o(.constdata)
    AlarmLimit_Init                          0x0800b870   Data          50  sensormessagestructure.o(.constdata)
    TAB_LEAP_MONTH                           0x0800baa2   Data          12  timestamp.o(.constdata)
    TAB_NORL_MONTH                           0x0800baae   Data          12  timestamp.o(.constdata)
    Region$$Table$$Base                      0x0800c140   Number         0  anon$$obj.o(Region$$Table)
    Region$$Table$$Limit                     0x0800c160   Number         0  anon$$obj.o(Region$$Table)
    SystemSleepTime                          0x20000002   Data           2  main.o(.data)
    WDG_Open_Flag                            0x20000008   Data           1  iwdg.o(.data)
    RTC_Irq_Flag                             0x20000009   Data           1  rtc.o(.data)
    uart1_RxBuffer                           0x2000000a   Data           1  usart.o(.data)
    __stdout                                 0x2000000c   Data           4  usart.o(.data)
    uwTickFreq                               0x20000010   Data           1  stm32g0xx_hal.o(.data)
    uwTickPrio                               0x20000014   Data           4  stm32g0xx_hal.o(.data)
    uwTick                                   0x20000018   Data           4  stm32g0xx_hal.o(.data)
    SystemCoreClock                          0x2000001c   Data           4  system_stm32g0xx.o(.data)
    LoRa_rev_flag                            0x20000020   Data           1  lora_uart.o(.data)
    LoRa_rev_Timeout                         0x20000021   Data           1  lora_uart.o(.data)
    LoRa_rev_finish                          0x20000022   Data           1  lora_uart.o(.data)
    LoRa_cnt                                 0x20000024   Data           4  lora_uart.o(.data)
    Uart_Timeout_ms                          0x20000028   Data           4  lora_uart.o(.data)
    i32SensorX                               0x2000002c   Data           4  adxl355.o(.data)
    i32SensorY                               0x20000030   Data           4  adxl355.o(.data)
    i32SensorZ                               0x20000034   Data           4  adxl355.o(.data)
    ui32SensorX                              0x20000038   Data           4  adxl355.o(.data)
    ui32SensorY                              0x2000003c   Data           4  adxl355.o(.data)
    ui32SensorZ                              0x20000040   Data           4  adxl355.o(.data)
    ui32SensorT                              0x20000044   Data           4  adxl355.o(.data)
    TowerTilted                              0x20000048   Data          30  sensormessagestructure.o(.data)
    SensorStatus                             0x20000066   Data          40  sensormessagestructure.o(.data)
    hadc1                                    0x20000090   Data         100  adc.o(.bss)
    hiwdg                                    0x200000f4   Data          16  iwdg.o(.bss)
    hrtc                                     0x20000104   Data          44  rtc.o(.bss)
    hspi2                                    0x20000130   Data         100  spi.o(.bss)
    huart1                                   0x20000194   Data         144  usart.o(.bss)
    huart2                                   0x20000224   Data         144  usart.o(.bss)
    pFlash                                   0x200002b4   Data          28  stm32g0xx_hal_flash.o(.bss)
    LoRa_buf                                 0x200002d0   Data         128  lora_uart.o(.bss)
    SystemGlobalVar                          0x20000350   Data         141  systemglobalvar.o(.bss)
    LoRa                                     0x200003de   Data         134  e28_2g4t12s_lora.o(.bss)
    _random_number_data                      0x20000464   Data         228  rand.o(.bss)
    __libspace_start                         0x20000548   Data          96  libspace.o(.bss)
    __temporary_stack_top$libspace           0x200005a8   Data           0  libspace.o(.bss)



==============================================================================

Memory Map of the image

  Image Entry point : 0x080000c1

  Load Region LR_IROM1 (Base: 0x08000000, Size: 0x0000c20c, Max: 0x00010000, ABSOLUTE)

    Execution Region ER_IROM1 (Exec base: 0x08000000, Load base: 0x08000000, Size: 0x0000c17c, Max: 0x00010000, ABSOLUTE)

    Exec Addr    Load Addr    Size         Type   Attr      Idx    E Section Name        Object

    0x08000000   0x08000000   0x000000c0   Data   RO            3    RESET               startup_stm32g030xx.o
    0x080000c0   0x080000c0   0x00000008   Code   RO         4279  * !!!main             c_p.l(__main.o)
    0x080000c8   0x080000c8   0x0000003c   Code   RO         4626    !!!scatter          c_p.l(__scatter.o)
    0x08000104   0x08000104   0x0000001a   Code   RO         4628    !!handler_copy      c_p.l(__scatter_copy.o)
    0x0800011e   0x0800011e   0x00000002   PAD
    0x08000120   0x08000120   0x0000001c   Code   RO         4630    !!handler_zi        c_p.l(__scatter_zi.o)
    0x0800013c   0x0800013c   0x00000002   Code   RO         4247    .ARM.Collect$$_printf_percent$$00000000  c_p.l(_printf_percent.o)
    0x0800013e   0x0800013e   0x0000000a   Code   RO         4246    .ARM.Collect$$_printf_percent$$00000003  c_p.l(_printf_f.o)
    0x08000148   0x08000148   0x0000000a   Code   RO         4245    .ARM.Collect$$_printf_percent$$00000009  c_p.l(_printf_d.o)
    0x08000152   0x08000152   0x0000000a   Code   RO         4244    .ARM.Collect$$_printf_percent$$0000000C  c_p.l(_printf_x.o)
    0x0800015c   0x0800015c   0x0000000a   Code   RO         4242    .ARM.Collect$$_printf_percent$$00000013  c_p.l(_printf_c.o)
    0x08000166   0x08000166   0x0000000a   Code   RO         4243    .ARM.Collect$$_printf_percent$$00000014  c_p.l(_printf_s.o)
    0x08000170   0x08000170   0x00000004   Code   RO         4372    .ARM.Collect$$_printf_percent$$00000017  c_p.l(_printf_percent_end.o)
    0x08000174   0x08000174   0x00000002   Code   RO         4552    .ARM.Collect$$libinit$$00000000  c_p.l(libinit.o)
    0x08000176   0x08000176   0x00000000   Code   RO         4376    .ARM.Collect$$libinit$$00000002  c_p.l(libinit2.o)
    0x08000176   0x08000176   0x00000000   Code   RO         4378    .ARM.Collect$$libinit$$00000004  c_p.l(libinit2.o)
    0x08000176   0x08000176   0x00000000   Code   RO         4381    .ARM.Collect$$libinit$$0000000A  c_p.l(libinit2.o)
    0x08000176   0x08000176   0x00000000   Code   RO         4383    .ARM.Collect$$libinit$$0000000C  c_p.l(libinit2.o)
    0x08000176   0x08000176   0x00000004   Code   RO         4384    .ARM.Collect$$libinit$$0000000D  c_p.l(libinit2.o)
    0x0800017a   0x0800017a   0x00000000   Code   RO         4385    .ARM.Collect$$libinit$$0000000E  c_p.l(libinit2.o)
    0x0800017a   0x0800017a   0x00000006   Code   RO         4386    .ARM.Collect$$libinit$$0000000F  c_p.l(libinit2.o)
    0x08000180   0x08000180   0x00000000   Code   RO         4388    .ARM.Collect$$libinit$$00000011  c_p.l(libinit2.o)
    0x08000180   0x08000180   0x00000000   Code   RO         4390    .ARM.Collect$$libinit$$00000013  c_p.l(libinit2.o)
    0x08000180   0x08000180   0x00000000   Code   RO         4392    .ARM.Collect$$libinit$$00000015  c_p.l(libinit2.o)
    0x08000180   0x08000180   0x0000000a   Code   RO         4393    .ARM.Collect$$libinit$$00000016  c_p.l(libinit2.o)
    0x0800018a   0x0800018a   0x00000000   Code   RO         4394    .ARM.Collect$$libinit$$00000017  c_p.l(libinit2.o)
    0x0800018a   0x0800018a   0x00000000   Code   RO         4396    .ARM.Collect$$libinit$$00000019  c_p.l(libinit2.o)
    0x0800018a   0x0800018a   0x00000000   Code   RO         4398    .ARM.Collect$$libinit$$0000001B  c_p.l(libinit2.o)
    0x0800018a   0x0800018a   0x00000000   Code   RO         4400    .ARM.Collect$$libinit$$0000001D  c_p.l(libinit2.o)
    0x0800018a   0x0800018a   0x00000000   Code   RO         4402    .ARM.Collect$$libinit$$0000001F  c_p.l(libinit2.o)
    0x0800018a   0x0800018a   0x00000000   Code   RO         4404    .ARM.Collect$$libinit$$00000021  c_p.l(libinit2.o)
    0x0800018a   0x0800018a   0x00000000   Code   RO         4406    .ARM.Collect$$libinit$$00000023  c_p.l(libinit2.o)
    0x0800018a   0x0800018a   0x00000000   Code   RO         4408    .ARM.Collect$$libinit$$00000025  c_p.l(libinit2.o)
    0x0800018a   0x0800018a   0x00000000   Code   RO         4412    .ARM.Collect$$libinit$$0000002C  c_p.l(libinit2.o)
    0x0800018a   0x0800018a   0x00000000   Code   RO         4414    .ARM.Collect$$libinit$$0000002E  c_p.l(libinit2.o)
    0x0800018a   0x0800018a   0x00000000   Code   RO         4416    .ARM.Collect$$libinit$$00000030  c_p.l(libinit2.o)
    0x0800018a   0x0800018a   0x00000000   Code   RO         4418    .ARM.Collect$$libinit$$00000032  c_p.l(libinit2.o)
    0x0800018a   0x0800018a   0x00000002   Code   RO         4419    .ARM.Collect$$libinit$$00000033  c_p.l(libinit2.o)
    0x0800018c   0x0800018c   0x00000002   Code   RO         4592    .ARM.Collect$$libshutdown$$00000000  c_p.l(libshutdown.o)
    0x0800018e   0x0800018e   0x00000000   Code   RO         4608    .ARM.Collect$$libshutdown$$00000002  c_p.l(libshutdown2.o)
    0x0800018e   0x0800018e   0x00000000   Code   RO         4610    .ARM.Collect$$libshutdown$$00000004  c_p.l(libshutdown2.o)
    0x0800018e   0x0800018e   0x00000000   Code   RO         4612    .ARM.Collect$$libshutdown$$00000006  c_p.l(libshutdown2.o)
    0x0800018e   0x0800018e   0x00000000   Code   RO         4615    .ARM.Collect$$libshutdown$$00000009  c_p.l(libshutdown2.o)
    0x0800018e   0x0800018e   0x00000000   Code   RO         4618    .ARM.Collect$$libshutdown$$0000000C  c_p.l(libshutdown2.o)
    0x0800018e   0x0800018e   0x00000000   Code   RO         4620    .ARM.Collect$$libshutdown$$0000000E  c_p.l(libshutdown2.o)
    0x0800018e   0x0800018e   0x00000000   Code   RO         4623    .ARM.Collect$$libshutdown$$00000011  c_p.l(libshutdown2.o)
    0x0800018e   0x0800018e   0x00000002   Code   RO         4624    .ARM.Collect$$libshutdown$$00000012  c_p.l(libshutdown2.o)
    0x08000190   0x08000190   0x00000000   Code   RO         4357    .ARM.Collect$$rtentry$$00000000  c_p.l(__rtentry.o)
    0x08000190   0x08000190   0x00000000   Code   RO         4468    .ARM.Collect$$rtentry$$00000002  c_p.l(__rtentry2.o)
    0x08000190   0x08000190   0x00000006   Code   RO         4480    .ARM.Collect$$rtentry$$00000004  c_p.l(__rtentry4.o)
    0x08000196   0x08000196   0x00000000   Code   RO         4470    .ARM.Collect$$rtentry$$00000009  c_p.l(__rtentry2.o)
    0x08000196   0x08000196   0x00000004   Code   RO         4471    .ARM.Collect$$rtentry$$0000000A  c_p.l(__rtentry2.o)
    0x0800019a   0x0800019a   0x00000000   Code   RO         4473    .ARM.Collect$$rtentry$$0000000C  c_p.l(__rtentry2.o)
    0x0800019a   0x0800019a   0x00000008   Code   RO         4474    .ARM.Collect$$rtentry$$0000000D  c_p.l(__rtentry2.o)
    0x080001a2   0x080001a2   0x00000002   Code   RO         4560    .ARM.Collect$$rtexit$$00000000  c_p.l(rtexit.o)
    0x080001a4   0x080001a4   0x00000000   Code   RO         4576    .ARM.Collect$$rtexit$$00000002  c_p.l(rtexit2.o)
    0x080001a4   0x080001a4   0x00000004   Code   RO         4577    .ARM.Collect$$rtexit$$00000003  c_p.l(rtexit2.o)
    0x080001a8   0x080001a8   0x00000006   Code   RO         4578    .ARM.Collect$$rtexit$$00000004  c_p.l(rtexit2.o)
    0x080001ae   0x080001ae   0x00000002   PAD
    0x080001b0   0x080001b0   0x00000038   Code   RO         4248    .emb_text           c_p.l(rand.o)
    0x080001e8   0x080001e8   0x00000038   Code   RO         4257    .emb_text           c_p.l(rt_memcpy.o)
    0x08000220   0x08000220   0x00000038   Code   RO            4    .text               startup_stm32g030xx.o
    0x08000258   0x08000258   0x00000002   Code   RO         4187    .text               c_p.l(use_no_semi_2.o)
    0x0800025a   0x0800025a   0x00000002   PAD
    0x0800025c   0x0800025c   0x0000001c   Code   RO         4191    .text               c_p.l(noretval__2printf.o)
    0x08000278   0x08000278   0x0000004e   Code   RO         4195    .text               c_p.l(_printf_pad.o)
    0x080002c6   0x080002c6   0x00000052   Code   RO         4197    .text               c_p.l(_printf_str.o)
    0x08000318   0x08000318   0x0000006c   Code   RO         4199    .text               c_p.l(_printf_dec.o)
    0x08000384   0x08000384   0x00000058   Code   RO         4204    .text               c_p.l(_printf_hex_int.o)
    0x080003dc   0x080003dc   0x00000138   Code   RO         4234    .text               c_p.l(__printf_flags_wp.o)
    0x08000514   0x08000514   0x0000003c   Code   RO         4249    .text               c_p.l(rand.o)
    0x08000550   0x08000550   0x00000082   Code   RO         4258    .text               c_p.l(rt_memcpy.o)
    0x080005d2   0x080005d2   0x00000040   Code   RO         4261    .text               c_p.l(rt_memclr.o)
    0x08000612   0x08000612   0x00000002   PAD
    0x08000614   0x08000614   0x00000088   Code   RO         4263    .text               c_p.l(strcmp.o)
    0x0800069c   0x0800069c   0x00000016   Code   RO         4265    .text               c_p.l(uread4.o)
    0x080006b2   0x080006b2   0x00000010   Code   RO         4267    .text               c_p.l(uwrite4.o)
    0x080006c2   0x080006c2   0x0000003a   Code   RO         4269    .text               c_p.l(uread8.o)
    0x080006fc   0x080006fc   0x0000002c   Code   RO         4271    .text               c_p.l(uwrite8.o)
    0x08000728   0x08000728   0x0000015a   Code   RO         4273    .text               c_p.l(aeabi_sdiv.o)
    0x08000882   0x08000882   0x00000006   Code   RO         4277    .text               c_p.l(heapauxi.o)
    0x08000888   0x08000888   0x0000007c   Code   RO         4281    .text               fz_ps.l(d2f.o)
    0x08000904   0x08000904   0x00000358   Code   RO         4283    .text               fz_ps.l(daddsub.o)
    0x08000c5c   0x08000c5c   0x00000448   Code   RO         4285    .text               fz_ps.l(ddiv.o)
    0x080010a4   0x080010a4   0x00000048   Code   RO         4288    .text               fz_ps.l(dfixui.o)
    0x080010ec   0x080010ec   0x00000058   Code   RO         4290    .text               fz_ps.l(dflti.o)
    0x08001144   0x08001144   0x00000248   Code   RO         4292    .text               fz_ps.l(dmul.o)
    0x0800138c   0x0800138c   0x00000060   Code   RO         4294    .text               fz_ps.l(dscalbn.o)
    0x080013ec   0x080013ec   0x00000054   Code   RO         4296    .text               fz_ps.l(f2d.o)
    0x08001440   0x08001440   0x00000160   Code   RO         4304    .text               fz_ps.l(fdiv.o)
    0x080015a0   0x080015a0   0x00000030   Code   RO         4307    .text               fz_ps.l(ffixui.o)
    0x080015d0   0x080015d0   0x0000005e   Code   RO         4309    .text               fz_ps.l(fflti.o)
    0x0800162e   0x0800162e   0x00000002   PAD
    0x08001630   0x08001630   0x00000044   Code   RO         4317    .text               fz_ps.l(fscalbn.o)
    0x08001674   0x08001674   0x00000002   Code   RO         4355    .text               c_p.l(use_no_semi.o)
    0x08001676   0x08001676   0x00000016   Code   RO         4362    .text               c_p.l(_rserrno.o)
    0x0800168c   0x0800168c   0x000000b0   Code   RO         4364    .text               c_p.l(_printf_intcommon.o)
    0x0800173c   0x0800173c   0x00000418   Code   RO         4366    .text               c_p.l(_printf_fp_dec.o)
    0x08001b54   0x08001b54   0x0000002e   Code   RO         4368    .text               c_p.l(_printf_char.o)
    0x08001b82   0x08001b82   0x00000002   PAD
    0x08001b84   0x08001b84   0x00000028   Code   RO         4370    .text               c_p.l(_printf_char_file.o)
    0x08001bac   0x08001bac   0x00000028   Code   RO         4373    .text               c_p.l(rtudiv10.o)
    0x08001bd4   0x08001bd4   0x00000100   Code   RO         4422    .text               fz_ps.l(dsqrt.o)
    0x08001cd4   0x08001cd4   0x00000064   Code   RO         4424    .text               fz_ps.l(fcmpin.o)
    0x08001d38   0x08001d38   0x00000008   Code   RO         4487    .text               c_p.l(rt_locale_intlibspace.o)
    0x08001d40   0x08001d40   0x00000008   Code   RO         4492    .text               c_p.l(rt_errno_addr_intlibspace.o)
    0x08001d48   0x08001d48   0x0000007a   Code   RO         4494    .text               c_p.l(lludiv10.o)
    0x08001dc2   0x08001dc2   0x00000002   PAD
    0x08001dc4   0x08001dc4   0x00000030   Code   RO         4496    .text               c_p.l(_printf_char_common.o)
    0x08001df4   0x08001df4   0x00000088   Code   RO         4498    .text               c_p.l(_printf_fp_infnan.o)
    0x08001e7c   0x08001e7c   0x000000d8   Code   RO         4500    .text               c_p.l(bigflt0.o)
    0x08001f54   0x08001f54   0x00000580   Code   RO         4503    .text               c_p.l(btod.o)
    0x080024d4   0x080024d4   0x00000008   Code   RO         4508    .text               c_p.l(ferror.o)
    0x080024dc   0x080024dc   0x0000002e   Code   RO         4517    .text               fz_ps.l(cmpret.o)
    0x0800250a   0x0800250a   0x00000002   PAD
    0x0800250c   0x0800250c   0x0000006c   Code   RO         4521    .text               fz_ps.l(dfixi.o)
    0x08002578   0x08002578   0x00000010   Code   RO         4523    .text               fz_ps.l(fnan2.o)
    0x08002588   0x08002588   0x00000008   Code   RO         4529    .text               c_p.l(libspace.o)
    0x08002590   0x08002590   0x0000003e   Code   RO         4532    .text               c_p.l(sys_stackheap_outer.o)
    0x080025ce   0x080025ce   0x00000010   Code   RO         4537    .text               c_p.l(exit.o)
    0x080025de   0x080025de   0x0000005e   Code   RO         4555    .text               fz_ps.l(retnan.o)
    0x0800263c   0x0800263c   0x000000b4   Code   RO          618    i.ADC_Enable        stm32g0xx_hal_adc.o
    0x080026f0   0x080026f0   0x0000000e   Code   RO         3676    i.ADXL355_ACT_EN_W  adxl355.o
    0x080026fe   0x080026fe   0x00000002   PAD
    0x08002700   0x08002700   0x000000cc   Code   RO         3677    i.ADXL355_ACT_Set   adxl355.o
    0x080027cc   0x080027cc   0x0000004a   Code   RO         3678    i.ADXL355_ACT_THRESH_RW  adxl355.o
    0x08002816   0x08002816   0x00000002   PAD
    0x08002818   0x08002818   0x0000001c   Code   RO         3679    i.ADXL355_Acceleration_Data_Conversion  adxl355.o
    0x08002834   0x08002834   0x00000144   Code   RO         3680    i.ADXL355_Data_Pro  adxl355.o
    0x08002978   0x08002978   0x000000a0   Code   RO         3681    i.ADXL355_Data_Read  adxl355.o
    0x08002a18   0x08002a18   0x000000f4   Code   RO         3682    i.ADXL355_Data_Scan  adxl355.o
    0x08002b0c   0x08002b0c   0x000000f4   Code   RO         3683    i.ADXL355_Init      adxl355.o
    0x08002c00   0x08002c00   0x0000009a   Code   RO         3684    i.ADXL355_Offset_RW  adxl355.o
    0x08002c9a   0x08002c9a   0x00000002   PAD
    0x08002c9c   0x08002c9c   0x00000088   Code   RO         3685    i.ADXL355_Read_Temp  adxl355.o
    0x08002d24   0x08002d24   0x00000012   Code   RO         3686    i.ADXL355_Reset_Sensor  adxl355.o
    0x08002d36   0x08002d36   0x0000001e   Code   RO         3687    i.ADXL355_Start_Sensor  adxl355.o
    0x08002d54   0x08002d54   0x00000012   Code   RO         3688    i.ADXL355_Status_Read  adxl355.o
    0x08002d66   0x08002d66   0x0000001e   Code   RO         3689    i.ADXL355_Stop_Sensor  adxl355.o
    0x08002d84   0x08002d84   0x00000030   Code   RO         4021    i.CRC16             crc16.o
    0x08002db4   0x08002db4   0x000000f0   Code   RO         3424    i.ChangePassword    hyperterminal.o
    0x08002ea4   0x08002ea4   0x00000020   Code   RO         3620    i.CheckIsStandby    lowpowermode.o
    0x08002ec4   0x08002ec4   0x00000158   Code   RO         3425    i.CycleSamplingConfig  hyperterminal.o
    0x0800301c   0x0800301c   0x00000004   Code   RO           12    i.Error_Handler     main.o
    0x08003020   0x08003020   0x00000014   Code   RO         1159    i.FLASH_MassErase   stm32g0xx_hal_flash_ex.o
    0x08003034   0x08003034   0x0000001c   Code   RO         1163    i.FLASH_PageErase   stm32g0xx_hal_flash_ex.o
    0x08003050   0x08003050   0x0000001c   Code   RO         1053    i.FLASH_Program_DoubleWord  stm32g0xx_hal_flash.o
    0x0800306c   0x0800306c   0x00000034   Code   RO         1054    i.FLASH_Program_Fast  stm32g0xx_hal_flash.o
    0x080030a0   0x080030a0   0x00000064   Code   RO         1055    i.FLASH_WaitForLastOperation  stm32g0xx_hal_flash.o
    0x08003104   0x08003104   0x000000d0   Code   RO         3902    i.GetTowerTiltedVals  sensormessagestructure.o
    0x080031d4   0x080031d4   0x00000224   Code   RO          620    i.HAL_ADC_ConfigChannel  stm32g0xx_hal_adc.o
    0x080033f8   0x080033f8   0x00000006   Code   RO          627    i.HAL_ADC_GetValue  stm32g0xx_hal_adc.o
    0x080033fe   0x080033fe   0x00000002   PAD
    0x08003400   0x08003400   0x0000025c   Code   RO          629    i.HAL_ADC_Init      stm32g0xx_hal_adc.o
    0x0800365c   0x0800365c   0x0000005c   Code   RO          276    i.HAL_ADC_MspInit   adc.o
    0x080036b8   0x080036b8   0x000000c4   Code   RO          633    i.HAL_ADC_PollForConversion  stm32g0xx_hal_adc.o
    0x0800377c   0x0800377c   0x00000068   Code   RO          635    i.HAL_ADC_Start     stm32g0xx_hal_adc.o
    0x080037e4   0x080037e4   0x00000074   Code   RO         1311    i.HAL_DMA_Abort     stm32g0xx_hal_dma.o
    0x08003858   0x08003858   0x0000007c   Code   RO         1312    i.HAL_DMA_Abort_IT  stm32g0xx_hal_dma.o
    0x080038d4   0x080038d4   0x00000024   Code   RO         1771    i.HAL_Delay         stm32g0xx_hal.o
    0x080038f8   0x080038f8   0x00000088   Code   RO         1164    i.HAL_FLASHEx_Erase  stm32g0xx_hal_flash_ex.o
    0x08003980   0x08003980   0x0000001c   Code   RO         1059    i.HAL_FLASH_Lock    stm32g0xx_hal_flash.o
    0x0800399c   0x0800399c   0x00000060   Code   RO         1064    i.HAL_FLASH_Program  stm32g0xx_hal_flash.o
    0x080039fc   0x080039fc   0x00000028   Code   RO         1066    i.HAL_FLASH_Unlock  stm32g0xx_hal_flash.o
    0x08003a24   0x08003a24   0x00000158   Code   RO         1244    i.HAL_GPIO_Init     stm32g0xx_hal_gpio.o
    0x08003b7c   0x08003b7c   0x0000000a   Code   RO         1246    i.HAL_GPIO_ReadPin  stm32g0xx_hal_gpio.o
    0x08003b86   0x08003b86   0x0000000c   Code   RO         1248    i.HAL_GPIO_WritePin  stm32g0xx_hal_gpio.o
    0x08003b92   0x08003b92   0x00000002   PAD
    0x08003b94   0x08003b94   0x0000000c   Code   RO         1775    i.HAL_GetTick       stm32g0xx_hal.o
    0x08003ba0   0x08003ba0   0x0000000c   Code   RO         1778    i.HAL_GetUIDw0      stm32g0xx_hal.o
    0x08003bac   0x08003bac   0x0000006c   Code   RO         2028    i.HAL_IWDG_Init     stm32g0xx_hal_iwdg.o
    0x08003c18   0x08003c18   0x00000010   Code   RO         2029    i.HAL_IWDG_Refresh  stm32g0xx_hal_iwdg.o
    0x08003c28   0x08003c28   0x00000010   Code   RO         1781    i.HAL_IncTick       stm32g0xx_hal.o
    0x08003c38   0x08003c38   0x00000028   Code   RO         1782    i.HAL_Init          stm32g0xx_hal.o
    0x08003c60   0x08003c60   0x00000048   Code   RO         1783    i.HAL_InitTick      stm32g0xx_hal.o
    0x08003ca8   0x08003ca8   0x0000002c   Code   RO          593    i.HAL_MspInit       stm32g0xx_hal_msp.o
    0x08003cd4   0x08003cd4   0x00000018   Code   RO         1659    i.HAL_NVIC_EnableIRQ  stm32g0xx_hal_cortex.o
    0x08003cec   0x08003cec   0x00000008   Code   RO         1663    i.HAL_NVIC_SetPriority  stm32g0xx_hal_cortex.o
    0x08003cf4   0x08003cf4   0x0000001c   Code   RO         1664    i.HAL_NVIC_SystemReset  stm32g0xx_hal_cortex.o
    0x08003d10   0x08003d10   0x0000004c   Code   RO         1544    i.HAL_PWREx_ControlVoltageScaling  stm32g0xx_hal_pwr_ex.o
    0x08003d5c   0x08003d5c   0x00000014   Code   RO         1462    i.HAL_PWR_DisableWakeUpPin  stm32g0xx_hal_pwr.o
    0x08003d70   0x08003d70   0x00000010   Code   RO         1463    i.HAL_PWR_EnableBkUpAccess  stm32g0xx_hal_pwr.o
    0x08003d80   0x08003d80   0x0000001c   Code   RO         1466    i.HAL_PWR_EnableWakeUpPin  stm32g0xx_hal_pwr.o
    0x08003d9c   0x08003d9c   0x00000024   Code   RO         1468    i.HAL_PWR_EnterSTANDBYMode  stm32g0xx_hal_pwr.o
    0x08003dc0   0x08003dc0   0x0000014c   Code   RO         1010    i.HAL_RCCEx_PeriphCLKConfig  stm32g0xx_hal_rcc_ex.o
    0x08003f0c   0x08003f0c   0x00000158   Code   RO          894    i.HAL_RCC_ClockConfig  stm32g0xx_hal_rcc.o
    0x08004064   0x08004064   0x00000028   Code   RO          902    i.HAL_RCC_GetPCLK1Freq  stm32g0xx_hal_rcc.o
    0x0800408c   0x0800408c   0x0000008c   Code   RO          904    i.HAL_RCC_GetSysClockFreq  stm32g0xx_hal_rcc.o
    0x08004118   0x08004118   0x000003e0   Code   RO          908    i.HAL_RCC_OscConfig  stm32g0xx_hal_rcc.o
    0x080044f8   0x080044f8   0x00000012   Code   RO         2224    i.HAL_RTCEx_BKUPRead  stm32g0xx_hal_rtc_ex.o
    0x0800450a   0x0800450a   0x00000012   Code   RO         2225    i.HAL_RTCEx_BKUPWrite  stm32g0xx_hal_rtc_ex.o
    0x0800451c   0x0800451c   0x000000a0   Code   RO         2257    i.HAL_RTCEx_SetWakeUpTimer  stm32g0xx_hal_rtc_ex.o
    0x080045bc   0x080045bc   0x000000c4   Code   RO         2258    i.HAL_RTCEx_SetWakeUpTimer_IT  stm32g0xx_hal_rtc_ex.o
    0x08004680   0x08004680   0x0000000c   Code   RO          352    i.HAL_RTCEx_WakeUpTimerEventCallback  rtc.o
    0x0800468c   0x0800468c   0x00000022   Code   RO         2265    i.HAL_RTCEx_WakeUpTimerIRQHandler  stm32g0xx_hal_rtc_ex.o
    0x080046ae   0x080046ae   0x00000044   Code   RO         2064    i.HAL_RTC_GetDate   stm32g0xx_hal_rtc.o
    0x080046f2   0x080046f2   0x00000002   PAD
    0x080046f4   0x080046f4   0x00000058   Code   RO         2066    i.HAL_RTC_GetTime   stm32g0xx_hal_rtc.o
    0x0800474c   0x0800474c   0x000000a4   Code   RO         2067    i.HAL_RTC_Init      stm32g0xx_hal_rtc.o
    0x080047f0   0x080047f0   0x00000034   Code   RO          354    i.HAL_RTC_MspInit   rtc.o
    0x08004824   0x08004824   0x0000009c   Code   RO         2073    i.HAL_RTC_SetDate   stm32g0xx_hal_rtc.o
    0x080048c0   0x080048c0   0x000000c0   Code   RO         2074    i.HAL_RTC_SetTime   stm32g0xx_hal_rtc.o
    0x08004980   0x08004980   0x00000034   Code   RO         2075    i.HAL_RTC_WaitForSynchro  stm32g0xx_hal_rtc.o
    0x080049b4   0x080049b4   0x000000ee   Code   RO         2506    i.HAL_SPI_Init      stm32g0xx_hal_spi.o
    0x08004aa2   0x08004aa2   0x00000002   PAD
    0x08004aa4   0x08004aa4   0x00000098   Code   RO          398    i.HAL_SPI_MspInit   spi.o
    0x08004b3c   0x08004b3c   0x000001f2   Code   RO         2515    i.HAL_SPI_TransmitReceive  stm32g0xx_hal_spi.o
    0x08004d2e   0x08004d2e   0x00000002   PAD
    0x08004d30   0x08004d30   0x00000030   Code   RO         1667    i.HAL_SYSTICK_Config  stm32g0xx_hal_cortex.o
    0x08004d60   0x08004d60   0x0000003c   Code   RO         3282    i.HAL_UARTEx_DisableFifoMode  stm32g0xx_hal_uart_ex.o
    0x08004d9c   0x08004d9c   0x00000002   Code   RO         2875    i.HAL_UARTEx_RxEventCallback  stm32g0xx_hal_uart.o
    0x08004d9e   0x08004d9e   0x00000002   Code   RO         3289    i.HAL_UARTEx_RxFifoFullCallback  stm32g0xx_hal_uart_ex.o
    0x08004da0   0x08004da0   0x00000048   Code   RO         3290    i.HAL_UARTEx_SetRxFifoThreshold  stm32g0xx_hal_uart_ex.o
    0x08004de8   0x08004de8   0x00000046   Code   RO         3291    i.HAL_UARTEx_SetTxFifoThreshold  stm32g0xx_hal_uart_ex.o
    0x08004e2e   0x08004e2e   0x00000002   Code   RO         3293    i.HAL_UARTEx_TxFifoEmptyCallback  stm32g0xx_hal_uart_ex.o
    0x08004e30   0x08004e30   0x00000002   Code   RO         3294    i.HAL_UARTEx_WakeupCallback  stm32g0xx_hal_uart_ex.o
    0x08004e32   0x08004e32   0x00000002   PAD
    0x08004e34   0x08004e34   0x00000030   Code   RO          447    i.HAL_UART_ErrorCallback  usart.o
    0x08004e64   0x08004e64   0x000002e8   Code   RO         2894    i.HAL_UART_IRQHandler  stm32g0xx_hal_uart.o
    0x0800514c   0x0800514c   0x0000006c   Code   RO         2895    i.HAL_UART_Init     stm32g0xx_hal_uart.o
    0x080051b8   0x080051b8   0x000000b0   Code   RO          449    i.HAL_UART_MspInit  usart.o
    0x08005268   0x08005268   0x00000064   Code   RO         2900    i.HAL_UART_Receive_IT  stm32g0xx_hal_uart.o
    0x080052cc   0x080052cc   0x0000001c   Code   RO          450    i.HAL_UART_RxCpltCallback  usart.o
    0x080052e8   0x080052e8   0x00000002   Code   RO         2907    i.HAL_UART_TxCpltCallback  stm32g0xx_hal_uart.o
    0x080052ea   0x080052ea   0x00000002   Code   RO          533    i.HardFault_Handler  stm32g0xx_it.o
    0x080052ec   0x080052ec   0x00000030   Code   RO         3426    i.HyperTerminal_GetKey  hyperterminal.o
    0x0800531c   0x0800531c   0x000000c0   Code   RO         3427    i.HyperTerminal_Menu  hyperterminal.o
    0x080053dc   0x080053dc   0x0000001c   Code   RO          313    i.IWDG_Feed         iwdg.o
    0x080053f8   0x080053f8   0x00000028   Code   RO          314    i.IWDG_Init         iwdg.o
    0x08005420   0x08005420   0x0000002a   Code   RO         4037    i.Is_Leap_Year      timestamp.o
    0x0800544a   0x0800544a   0x00000008   Code   RO          641    i.LL_ADC_IsEnabled  stm32g0xx_hal_adc.o
    0x08005452   0x08005452   0x00000008   Code   RO          642    i.LL_ADC_REG_IsConversionOngoing  stm32g0xx_hal_adc.o
    0x0800545a   0x0800545a   0x00000010   Code   RO          643    i.LL_ADC_REG_IsTriggerSourceSWStart  stm32g0xx_hal_adc.o
    0x0800546a   0x0800546a   0x0000000e   Code   RO          645    i.LL_ADC_SetCommonPathInternalCh  stm32g0xx_hal_adc.o
    0x08005478   0x08005478   0x00000016   Code   RO          646    i.LL_ADC_SetSamplingTimeCommonChannels  stm32g0xx_hal_adc.o
    0x0800548e   0x0800548e   0x00000002   PAD
    0x08005490   0x08005490   0x0000078c   Code   RO         3429    i.LoRaConfig        hyperterminal.o
    0x08005c1c   0x08005c1c   0x0000001c   Code   RO         3564    i.LoRa_Buf_clear    lora_uart.o
    0x08005c38   0x08005c38   0x00000054   Code   RO         4108    i.LoRa_DataPro      e28_2g4t12s_lora.o
    0x08005c8c   0x08005c8c   0x00000030   Code   RO         4109    i.LoRa_Init         e28_2g4t12s_lora.o
    0x08005cbc   0x08005cbc   0x0000000e   Code   RO         4110    i.LoRa_InterSleep   e28_2g4t12s_lora.o
    0x08005cca   0x08005cca   0x00000002   PAD
    0x08005ccc   0x08005ccc   0x0000016c   Code   RO         4111    i.LoRa_ModeExchange  e28_2g4t12s_lora.o
    0x08005e38   0x08005e38   0x0000003e   Code   RO         4112    i.LoRa_ParaToBaud   e28_2g4t12s_lora.o
    0x08005e76   0x08005e76   0x00000002   PAD
    0x08005e78   0x08005e78   0x0000004c   Code   RO         4113    i.LoRa_RSSI_Read    e28_2g4t12s_lora.o
    0x08005ec4   0x08005ec4   0x0000008c   Code   RO         4114    i.LoRa_ReadConfigPara  e28_2g4t12s_lora.o
    0x08005f50   0x08005f50   0x0000003c   Code   RO         3565    i.LoRa_Rec_TimeOut_Process  lora_uart.o
    0x08005f8c   0x08005f8c   0x00000028   Code   RO         3566    i.LoRa_Rec_interrupt_process  lora_uart.o
    0x08005fb4   0x08005fb4   0x0000005c   Code   RO         4115    i.LoRa_SendData     e28_2g4t12s_lora.o
    0x08006010   0x08006010   0x00000014   Code   RO         3567    i.LoRa_UartParaInit  lora_uart.o
    0x08006024   0x08006024   0x00000022   Code   RO         4116    i.LoRa_WriteConfigPara  e28_2g4t12s_lora.o
    0x08006046   0x08006046   0x00000002   PAD
    0x08006048   0x08006048   0x00000024   Code   RO         3569    i.LoRa_send_data    lora_uart.o
    0x0800606c   0x0800606c   0x00000074   Code   RO          277    i.MX_ADC1_Init      adc.o
    0x080060e0   0x080060e0   0x000000ec   Code   RO          251    i.MX_GPIO_Init      gpio.o
    0x080061cc   0x080061cc   0x00000002   Code   RO          315    i.MX_IWDG_Init      iwdg.o
    0x080061ce   0x080061ce   0x00000002   PAD
    0x080061d0   0x080061d0   0x000000b8   Code   RO          355    i.MX_RTC_Init       rtc.o
    0x08006288   0x08006288   0x00000058   Code   RO          399    i.MX_SPI2_Init      spi.o
    0x080062e0   0x080062e0   0x00000078   Code   RO          451    i.MX_USART1_UART_Init  usart.o
    0x08006358   0x08006358   0x0000003c   Code   RO          452    i.MX_USART2_UART_Init  usart.o
    0x08006394   0x08006394   0x00000200   Code   RO         3430    i.Main_Menu         hyperterminal.o
    0x08006594   0x08006594   0x00000084   Code   RO         3903    i.MsgFrameConstructAndSend  sensormessagestructure.o
    0x08006618   0x08006618   0x00000002   Code   RO          534    i.NMI_Handler       stm32g0xx_it.o
    0x0800661a   0x0800661a   0x00000020   Code   RO         3858    i.NumToSerialNumberString  systemglobalvar.o
    0x0800663a   0x0800663a   0x00000002   Code   RO          535    i.PendSV_Handler    stm32g0xx_it.o
    0x0800663c   0x0800663c   0x00000010   Code   RO         2076    i.RTC_Bcd2ToByte    stm32g0xx_hal_rtc.o
    0x0800664c   0x0800664c   0x00000018   Code   RO         2077    i.RTC_ByteToBcd2    stm32g0xx_hal_rtc.o
    0x08006664   0x08006664   0x00000044   Code   RO         2078    i.RTC_EnterInitMode  stm32g0xx_hal_rtc.o
    0x080066a8   0x080066a8   0x00000050   Code   RO         2079    i.RTC_ExitInitMode  stm32g0xx_hal_rtc.o
    0x080066f8   0x080066f8   0x00000088   Code   RO         4038    i.RTC_Get_Stamp     timestamp.o
    0x08006780   0x08006780   0x0000002c   Code   RO         4039    i.RTC_Get_Time      timestamp.o
    0x080067ac   0x080067ac   0x00000020   Code   RO         4042    i.RTC_Set_Stamp     timestamp.o
    0x080067cc   0x080067cc   0x00000090   Code   RO         4043    i.RTC_Set_Time      timestamp.o
    0x0800685c   0x0800685c   0x00000010   Code   RO          536    i.RTC_TAMP_IRQHandler  stm32g0xx_it.o
    0x0800686c   0x0800686c   0x000000c8   Code   RO         3833    i.Read_Bat_Voltage  adc_app.o
    0x08006934   0x08006934   0x00000078   Code   RO         3691    i.SPI_ADXL355_READBYTE  adxl355.o
    0x080069ac   0x080069ac   0x0000003c   Code   RO         3692    i.SPI_ADXL355_WRITE  adxl355.o
    0x080069e8   0x080069e8   0x0000004c   Code   RO         2544    i.SPI_EndRxTxTransaction  stm32g0xx_hal_spi.o
    0x08006a34   0x08006a34   0x00000022   Code   RO          400    i.SPI_ReadWriteByte  spi.o
    0x08006a56   0x08006a56   0x00000002   PAD
    0x08006a58   0x08006a58   0x0000002c   Code   RO          401    i.SPI_SetSpeed      spi.o
    0x08006a84   0x08006a84   0x000000d8   Code   RO         2549    i.SPI_WaitFifoStateUntilTimeout  stm32g0xx_hal_spi.o
    0x08006b5c   0x08006b5c   0x000000b8   Code   RO         2550    i.SPI_WaitFlagStateUntilTimeout  stm32g0xx_hal_spi.o
    0x08006c14   0x08006c14   0x00000016   Code   RO         3801    i.STMFLASH_Read     stmflash.o
    0x08006c2a   0x08006c2a   0x00000002   PAD
    0x08006c2c   0x08006c2c   0x0000007c   Code   RO         3803    i.STM_FLASH_Save    stmflash.o
    0x08006ca8   0x08006ca8   0x00000002   Code   RO          537    i.SVC_Handler       stm32g0xx_it.o
    0x08006caa   0x08006caa   0x00000002   PAD
    0x08006cac   0x08006cac   0x00000138   Code   RO         3431    i.SensorAlarmLimitConfig  hyperterminal.o
    0x08006de4   0x08006de4   0x00000344   Code   RO         3904    i.SensorAlarmLimitDataRequest  sensormessagestructure.o
    0x08007128   0x08007128   0x00000338   Code   RO         3905    i.SensorAlarmLimitDataSet  sensormessagestructure.o
    0x08007460   0x08007460   0x000000be   Code   RO         3906    i.SensorControl     sensormessagestructure.o
    0x0800751e   0x0800751e   0x00000002   PAD
    0x08007520   0x08007520   0x000003a8   Code   RO         3907    i.SensorControlAnalysis  sensormessagestructure.o
    0x080078c8   0x080078c8   0x000002d0   Code   RO         3432    i.SensorDeviceConfig  hyperterminal.o
    0x08007b98   0x08007b98   0x0000001a   Code   RO         3908    i.SensorID_BigEnd   sensormessagestructure.o
    0x08007bb2   0x08007bb2   0x00000002   PAD
    0x08007bb4   0x08007bb4   0x000001c0   Code   RO         3909    i.SensorMessagePro  sensormessagestructure.o
    0x08007d74   0x08007d74   0x00000058   Code   RO         3910    i.SensorMonitoringDataAndStatusUp  sensormessagestructure.o
    0x08007dcc   0x08007dcc   0x00000160   Code   RO         3911    i.SensorMonitoringDataUp  sensormessagestructure.o
    0x08007f2c   0x08007f2c   0x00000094   Code   RO         3912    i.SensorStatusSet   sensormessagestructure.o
    0x08007fc0   0x08007fc0   0x00000224   Code   RO         3913    i.SensorStatusUp    sensormessagestructure.o
    0x080081e4   0x080081e4   0x0000005c   Code   RO           14    i.Sensor_TimeSynchronization  main.o
    0x08008240   0x08008240   0x0000008c   Code   RO         3914    i.Shell_SensorAlarmLimitDataRequest  sensormessagestructure.o
    0x080082cc   0x080082cc   0x0000014c   Code   RO         3915    i.Shell_SensorMonitoringDataUp  sensormessagestructure.o
    0x08008418   0x08008418   0x000001e8   Code   RO         3916    i.Shell_SensorStatusUp  sensormessagestructure.o
    0x08008600   0x08008600   0x00000048   Code   RO         3623    i.Sleep_Opt         lowpowermode.o
    0x08008648   0x08008648   0x000000ac   Code   RO         4044    i.Stamp2Time        timestamp.o
    0x080086f4   0x080086f4   0x0000003c   Code   RO         3624    i.StandbyMode       lowpowermode.o
    0x08008730   0x08008730   0x00000008   Code   RO          538    i.SysTick_Handler   stm32g0xx_it.o
    0x08008738   0x08008738   0x000000b0   Code   RO           15    i.SystemClock_Config  main.o
    0x080087e8   0x080087e8   0x00000018   Code   RO         3859    i.SystemConfigSave  systemglobalvar.o
    0x08008800   0x08008800   0x00000080   Code   RO         3433    i.SystemFactoryResetConfig  hyperterminal.o
    0x08008880   0x08008880   0x00000198   Code   RO         3860    i.SystemGlobalVarInitToFlash  systemglobalvar.o
    0x08008a18   0x08008a18   0x0000010c   Code   RO         3861    i.SystemGlobalVar_init  systemglobalvar.o
    0x08008b24   0x08008b24   0x00000002   Code   RO         3391    i.SystemInit        system_stm32g0xx.o
    0x08008b26   0x08008b26   0x00000002   PAD
    0x08008b28   0x08008b28   0x0000004c   Code   RO         3626    i.SystemIntoStandbyMode  lowpowermode.o
    0x08008b74   0x08008b74   0x00000350   Code   RO         3434    i.SystemTimeConfig  hyperterminal.o
    0x08008ec4   0x08008ec4   0x00000670   Code   RO         3435    i.SystemsParameterDisplay  hyperterminal.o
    0x08009534   0x08009534   0x00000208   Code   RO         3437    i.TiltSensorsConfig  hyperterminal.o
    0x0800973c   0x0800973c   0x000000b8   Code   RO         4045    i.Time2Stamp        timestamp.o
    0x080097f4   0x080097f4   0x00000044   Code   RO         3295    i.UARTEx_SetNbDataToProcess  stm32g0xx_hal_uart_ex.o
    0x08009838   0x08009838   0x000000ca   Code   RO         2909    i.UART_AdvFeatureConfig  stm32g0xx_hal_uart.o
    0x08009902   0x08009902   0x00000002   PAD
    0x08009904   0x08009904   0x00000064   Code   RO         2910    i.UART_CheckIdleState  stm32g0xx_hal_uart.o
    0x08009968   0x08009968   0x00000014   Code   RO         2911    i.UART_DMAAbortOnError  stm32g0xx_hal_uart.o
    0x0800997c   0x0800997c   0x00000064   Code   RO         2921    i.UART_EndRxTransfer  stm32g0xx_hal_uart.o
    0x080099e0   0x080099e0   0x000000ac   Code   RO         2923    i.UART_RxISR_16BIT  stm32g0xx_hal_uart.o
    0x08009a8c   0x08009a8c   0x0000018c   Code   RO         2924    i.UART_RxISR_16BIT_FIFOEN  stm32g0xx_hal_uart.o
    0x08009c18   0x08009c18   0x000000ac   Code   RO         2925    i.UART_RxISR_8BIT   stm32g0xx_hal_uart.o
    0x08009cc4   0x08009cc4   0x0000018c   Code   RO         2926    i.UART_RxISR_8BIT_FIFOEN  stm32g0xx_hal_uart.o
    0x08009e50   0x08009e50   0x00000168   Code   RO         2927    i.UART_SetConfig    stm32g0xx_hal_uart.o
    0x08009fb8   0x08009fb8   0x00000118   Code   RO         2929    i.UART_Start_Receive_IT  stm32g0xx_hal_uart.o
    0x0800a0d0   0x0800a0d0   0x000000d2   Code   RO         2934    i.UART_WaitOnFlagUntilTimeout  stm32g0xx_hal_uart.o
    0x0800a1a2   0x0800a1a2   0x00000002   PAD
    0x0800a1a4   0x0800a1a4   0x0000001c   Code   RO          539    i.USART1_IRQHandler  stm32g0xx_it.o
    0x0800a1c0   0x0800a1c0   0x00000100   Code   RO         3438    i.WaitInput         hyperterminal.o
    0x0800a2c0   0x0800a2c0   0x0000009c   Code   RO         3439    i.WaitInputNum      hyperterminal.o
    0x0800a35c   0x0800a35c   0x00000094   Code   RO         3440    i.WaitInputPassWrod  hyperterminal.o
    0x0800a3f0   0x0800a3f0   0x00000030   Code   RO         4506    i.__ARM_common_ll_muluu  c_p.l(btod.o)
    0x0800a420   0x0800a420   0x0000001a   Code   RO         1404    i.__ARM_common_switch8  stm32g0xx_hal_dma.o
    0x0800a43a   0x0800a43a   0x00000002   PAD
    0x0800a43c   0x0800a43c   0x0000002c   Code   RO         4444    i.__ARM_fpclassify  m_ps.l(fpclassify.o)
    0x0800a468   0x0800a468   0x00000044   Code   RO         1669    i.__NVIC_SetPriority  stm32g0xx_hal_cortex.o
    0x0800a4ac   0x0800a4ac   0x0000039c   Code   RO         4448    i.__ieee754_rem_pio2  m_ps.l(rred.o)
    0x0800a848   0x0800a848   0x000000f4   Code   RO         4427    i.__kernel_cos      m_ps.l(cos_i.o)
    0x0800a93c   0x0800a93c   0x000000ac   Code   RO         4446    i.__kernel_poly     m_ps.l(poly.o)
    0x0800a9e8   0x0800a9e8   0x000000ec   Code   RO         4455    i.__kernel_sin      m_ps.l(sin_i.o)
    0x0800aad4   0x0800aad4   0x00000270   Code   RO         4461    i.__kernel_tan      m_ps.l(tan_i.o)
    0x0800ad44   0x0800ad44   0x0000000a   Code   RO         4431    i.__mathlib_dbl_infnan  m_ps.l(dunder.o)
    0x0800ad4e   0x0800ad4e   0x00000010   Code   RO         4433    i.__mathlib_dbl_invalid  m_ps.l(dunder.o)
    0x0800ad5e   0x0800ad5e   0x00000002   PAD
    0x0800ad60   0x0800ad60   0x00000014   Code   RO         4436    i.__mathlib_dbl_underflow  m_ps.l(dunder.o)
    0x0800ad74   0x0800ad74   0x0000000e   Code   RO         4232    i._is_digit         c_p.l(__printf_wp.o)
    0x0800ad82   0x0800ad82   0x00000002   Code   RO          453    i._sys_exit         usart.o
    0x0800ad84   0x0800ad84   0x0000021c   Code   RO         4322    i.atan              m_ps.l(atan.o)
    0x0800afa0   0x0800afa0   0x00000014   Code   RO          455    i.fputc             usart.o
    0x0800afb4   0x0800afb4   0x00000374   Code   RO           16    i.main              main.o
    0x0800b328   0x0800b328   0x00000070   Code   RO          456    i.set_baudrate      usart.o
    0x0800b398   0x0800b398   0x0000009c   Code   RO         4332    i.sin               m_ps.l(sin.o)
    0x0800b434   0x0800b434   0x00000048   Code   RO         4340    i.sqrt              m_ps.l(sqrt.o)
    0x0800b47c   0x0800b47c   0x00000060   Code   RO         4348    i.tan               m_ps.l(tan.o)
    0x0800b4dc   0x0800b4dc   0x0000002c   Code   RO         4513    locale$$code        c_p.l(lc_numeric_c.o)
    0x0800b508   0x0800b508   0x0000008c   Code   RO         4298    x$fpl$fadd          fz_ps.l(faddsub.o)
    0x0800b594   0x0800b594   0x00000054   Code   RO         4311    x$fpl$fleqf         fz_ps.l(flef.o)
    0x0800b5e8   0x0800b5e8   0x000000b0   Code   RO         4313    x$fpl$fmul          fz_ps.l(fmul.o)
    0x0800b698   0x0800b698   0x00000058   Code   RO         4315    x$fpl$frleqf        fz_ps.l(frlef.o)
    0x0800b6f0   0x0800b6f0   0x00000018   Code   RO         4299    x$fpl$frsb          fz_ps.l(faddsub.o)
    0x0800b708   0x0800b708   0x000000d0   Code   RO         4300    x$fpl$fsub          fz_ps.l(faddsub.o)
    0x0800b7d8   0x0800b7d8   0x00000010   Code   RO         4319    x$fpl$printf1       fz_ps.l(printf1.o)
    0x0800b7e8   0x0800b7e8   0x00000000   Code   RO         4426    x$fpl$usenofp       fz_ps.l(usenofp.o)
    0x0800b7e8   0x0800b7e8   0x00000018   Data   RO         2935    .constdata          stm32g0xx_hal_uart.o
    0x0800b800   0x0800b800   0x00000010   Data   RO         3296    .constdata          stm32g0xx_hal_uart_ex.o
    0x0800b810   0x0800b810   0x00000040   Data   RO         3392    .constdata          system_stm32g0xx.o
    0x0800b850   0x0800b850   0x00000020   Data   RO         3393    .constdata          system_stm32g0xx.o
    0x0800b870   0x0800b870   0x00000032   Data   RO         3917    .constdata          sensormessagestructure.o
    0x0800b8a2   0x0800b8a2   0x00000200   Data   RO         4022    .constdata          crc16.o
    0x0800baa2   0x0800baa2   0x00000018   Data   RO         4046    .constdata          timestamp.o
    0x0800baba   0x0800baba   0x00000028   Data   RO         4205    .constdata          c_p.l(_printf_hex_int.o)
    0x0800bae2   0x0800bae2   0x00000011   Data   RO         4235    .constdata          c_p.l(__printf_flags_wp.o)
    0x0800baf3   0x0800baf3   0x00000080   Data   RO         4286    .constdata          fz_ps.l(ddiv.o)
    0x0800bb73   0x0800bb73   0x00000040   Data   RO         4305    .constdata          fz_ps.l(fdiv.o)
    0x0800bbb3   0x0800bbb3   0x00000005   PAD
    0x0800bbb8   0x0800bbb8   0x00000098   Data   RO         4323    .constdata          m_ps.l(atan.o)
    0x0800bc50   0x0800bc50   0x00000030   Data   RO         4428    .constdata          m_ps.l(cos_i.o)
    0x0800bc80   0x0800bc80   0x000000c8   Data   RO         4450    .constdata          m_ps.l(rred.o)
    0x0800bd48   0x0800bd48   0x00000028   Data   RO         4456    .constdata          m_ps.l(sin_i.o)
    0x0800bd70   0x0800bd70   0x00000060   Data   RO         4462    .constdata          m_ps.l(tan_i.o)
    0x0800bdd0   0x0800bdd0   0x00000094   Data   RO         4501    .constdata          c_p.l(bigflt0.o)
    0x0800be64   0x0800be64   0x00000223   Data   RO         3441    .conststring        hyperterminal.o
    0x0800c087   0x0800c087   0x00000001   PAD
    0x0800c088   0x0800c088   0x000000b5   Data   RO         3918    .conststring        sensormessagestructure.o
    0x0800c13d   0x0800c13d   0x00000003   PAD
    0x0800c140   0x0800c140   0x00000020   Data   RO         4625    Region$$Table       anon$$obj.o
    0x0800c160   0x0800c160   0x0000001c   Data   RO         4512    locale$$data        c_p.l(lc_numeric_c.o)


    Execution Region RW_IRAM1 (Exec base: 0x20000000, Load base: 0x0800c17c, Size: 0x00000ba8, Max: 0x00002000, ABSOLUTE)

    Exec Addr    Load Addr    Size         Type   Attr      Idx    E Section Name        Object

    0x20000000   0x0800c17c   0x00000008   Data   RW           17    .data               main.o
    0x20000008   0x0800c184   0x00000001   Data   RW          317    .data               iwdg.o
    0x20000009   0x0800c185   0x00000001   Data   RW          357    .data               rtc.o
    0x2000000a   0x0800c186   0x00000001   Data   RW          458    .data               usart.o
    0x2000000b   0x0800c187   0x00000001   PAD
    0x2000000c   0x0800c188   0x00000004   Data   RW          459    .data               usart.o
    0x20000010   0x0800c18c   0x0000000c   Data   RW         1795    .data               stm32g0xx_hal.o
    0x2000001c   0x0800c198   0x00000004   Data   RW         3394    .data               system_stm32g0xx.o
    0x20000020   0x0800c19c   0x0000000c   Data   RW         3571    .data               lora_uart.o
    0x2000002c   0x0800c1a8   0x0000001c   Data   RW         3694    .data               adxl355.o
    0x20000048   0x0800c1c4   0x00000046   Data   RW         3919    .data               sensormessagestructure.o
    0x2000008e   0x0800c20a   0x00000002   PAD
    0x20000090        -       0x00000064   Zero   RW          278    .bss                adc.o
    0x200000f4        -       0x00000010   Zero   RW          316    .bss                iwdg.o
    0x20000104        -       0x0000002c   Zero   RW          356    .bss                rtc.o
    0x20000130        -       0x00000064   Zero   RW          402    .bss                spi.o
    0x20000194        -       0x00000120   Zero   RW          457    .bss                usart.o
    0x200002b4        -       0x0000001c   Zero   RW         1067    .bss                stm32g0xx_hal_flash.o
    0x200002d0        -       0x00000080   Zero   RW         3570    .bss                lora_uart.o
    0x20000350        -       0x0000008d   Zero   RW         3862    .bss                systemglobalvar.o
    0x200003dd   0x0800c20a   0x00000001   PAD
    0x200003de        -       0x00000086   Zero   RW         4117    .bss                e28_2g4t12s_lora.o
    0x20000464        -       0x000000e4   Zero   RW         4250    .bss                c_p.l(rand.o)
    0x20000548        -       0x00000060   Zero   RW         4530    .bss                c_p.l(libspace.o)
    0x200005a8        -       0x00000200   Zero   RW            2    HEAP                startup_stm32g030xx.o
    0x200007a8        -       0x00000400   Zero   RW            1    STACK               startup_stm32g030xx.o


==============================================================================

Image component sizes


      Code (inc. data)   RO Data    RW Data    ZI Data      Debug   Object Name

       208         24          0          0        100       1741   adc.o
       200         18          0          0          0        791   adc_app.o
      1858        296          0         28          0      11363   adxl355.o
        48          6        512          0          0       1340   crc16.o
       914        252          0          0        134       7944   e28_2g4t12s_lora.o
       236         18          0          0          0       1027   gpio.o
      8004       4214        547          0          0      13197   hyperterminal.o
        70         22          0          1         16       1681   iwdg.o
       184         38          0         12        128       3611   lora_uart.o
       240         88          0          0          0       2591   lowpowermode.o
      1156        202          0          8          0     426214   main.o
       248         28          0          1         44       2225   rtc.o
      5696       2254        231         70          0      24321   sensormessagestructure.o
       318         28          0          0        100       2920   spi.o
        56         26        192          0       1536        664   startup_stm32g030xx.o
       188         32          0         12          0      16788   stm32g0xx_hal.o
      1706         90          0          0          0      41975   stm32g0xx_hal_adc.o
       176         34          0          0          0      12844   stm32g0xx_hal_cortex.o
       266         10          0          0          0       2075   stm32g0xx_hal_dma.o
       344         56          0          0         28      17134   stm32g0xx_hal_flash.o
       184         22          0          0          0       2926   stm32g0xx_hal_flash_ex.o
       366         18          0          0          0       2679   stm32g0xx_hal_gpio.o
       124         20          0          0          0       1935   stm32g0xx_hal_iwdg.o
        44          6          0          0          0        858   stm32g0xx_hal_msp.o
       100         24          0          0          0       2235   stm32g0xx_hal_pwr.o
        76         14          0          0          0        770   stm32g0xx_hal_pwr_ex.o
      1516         88          0          0          0      20365   stm32g0xx_hal_rcc.o
       332         12          0          0          0       1680   stm32g0xx_hal_rcc_ex.o
       908         24          0          0          0       8191   stm32g0xx_hal_rtc.o
       426         14          0          0          0       4450   stm32g0xx_hal_rtc_ex.o
      1212          8          0          0          0       6493   stm32g0xx_hal_spi.o
      3364         96         24          0          0      40505   stm32g0xx_hal_uart.o
       276          6         16          0          0       5382   stm32g0xx_hal_uart_ex.o
        60         14          0          0          0       3189   stm32g0xx_it.o
       146          4          0          0          0       2199   stmflash.o
         2          0         96          4          0       1175   system_stm32g0xx.o
       732        212          0          0        141       4195   systemglobalvar.o
       754        188         24          0          0       5497   timestamp.o
       566        110          0          5        288       6480   usart.o

    ----------------------------------------------------------------------
     33350       8616       1678        144       2516     713650   Object Totals
         0          0         32          0          0          0   (incl. Generated)
        46          0          4          3          1          0   (incl. Padding)

    ----------------------------------------------------------------------

      Code (inc. data)   RO Data    RW Data    ZI Data      Debug   Library Member Name

         8          0          0          0          0         68   __main.o
       312          6         17          0          0         76   __printf_flags_wp.o
        14          0          0          0          0         60   __printf_wp.o
         0          0          0          0          0          0   __rtentry.o
        12          0          0          0          0          0   __rtentry2.o
         6          0          0          0          0          0   __rtentry4.o
        60          8          0          0          0          0   __scatter.o
        26          0          0          0          0          0   __scatter_copy.o
        28          0          0          0          0          0   __scatter_zi.o
        10          0          0          0          0          0   _printf_c.o
        46          0          0          0          0        100   _printf_char.o
        48          6          0          0          0         88   _printf_char_common.o
        40          6          0          0          0         72   _printf_char_file.o
        10          0          0          0          0          0   _printf_d.o
       108         18          0          0          0         76   _printf_dec.o
        10          0          0          0          0          0   _printf_f.o
      1048         14          0          0          0        176   _printf_fp_dec.o
       136         16          0          0          0         76   _printf_fp_infnan.o
        88          4         40          0          0         72   _printf_hex_int.o
       176          0          0          0          0         84   _printf_intcommon.o
        78          0          0          0          0        100   _printf_pad.o
         2          0          0          0          0          0   _printf_percent.o
         4          0          0          0          0          0   _printf_percent_end.o
        10          0          0          0          0          0   _printf_s.o
        82          0          0          0          0         72   _printf_str.o
        10          0          0          0          0          0   _printf_x.o
        22          0          0          0          0         92   _rserrno.o
       346          0          0          0          0         92   aeabi_sdiv.o
       216          6        148          0          0         80   bigflt0.o
      1456         30          0          0          0        336   btod.o
        16          0          0          0          0         68   exit.o
         8          0          0          0          0         60   ferror.o
         6          0          0          0          0        136   heapauxi.o
        44         10         28          0          0         76   lc_numeric_c.o
         2          0          0          0          0          0   libinit.o
        22          0          0          0          0          0   libinit2.o
         2          0          0          0          0          0   libshutdown.o
         2          0          0          0          0          0   libshutdown2.o
         8          4          0          0         96         68   libspace.o
       122          0          0          0          0         72   lludiv10.o
        28          6          0          0          0         84   noretval__2printf.o
       116         16          0          0        228        156   rand.o
         8          4          0          0          0         68   rt_errno_addr_intlibspace.o
         8          4          0          0          0         68   rt_locale_intlibspace.o
        64          0          0          0          0        108   rt_memclr.o
       186          0          0          0          0        144   rt_memcpy.o
         2          0          0          0          0          0   rtexit.o
        10          0          0          0          0          0   rtexit2.o
        40          0          0          0          0         60   rtudiv10.o
       136          4          0          0          0         72   strcmp.o
        62          0          0          0          0         80   sys_stackheap_outer.o
        22          0          0          0          0         60   uread4.o
        58          0          0          0          0         68   uread8.o
         2          0          0          0          0         68   use_no_semi.o
         2          0          0          0          0         68   use_no_semi_2.o
        16          0          0          0          0         60   uwrite4.o
        44          0          0          0          0         76   uwrite8.o
        46          0          0          0          0         60   cmpret.o
       124          4          0          0          0         72   d2f.o
       856         20          0          0          0        208   daddsub.o
      1096         26        128          0          0        112   ddiv.o
       108         10          0          0          0         72   dfixi.o
        72          4          0          0          0         68   dfixui.o
        88          0          0          0          0         92   dflti.o
       584         26          0          0          0         84   dmul.o
        96         12          0          0          0         72   dscalbn.o
       256          8          0          0          0         76   dsqrt.o
        84          4          0          0          0         60   f2d.o
       372          8          0          0          0        240   faddsub.o
       100          4          0          0          0         68   fcmpin.o
       352         10         64          0          0         92   fdiv.o
        48          0          0          0          0         60   ffixui.o
        94          0          0          0          0         92   fflti.o
        84          4          0          0          0         76   flef.o
       176          4          0          0          0         80   fmul.o
        16          6          0          0          0         68   fnan2.o
        88          4          0          0          0         76   frlef.o
        68          4          0          0          0         68   fscalbn.o
        16          4          0          0          0         76   printf1.o
        94          0          0          0          0         68   retnan.o
         0          0          0          0          0          0   usenofp.o
       540         68        152          0          0        112   atan.o
       244         20         48          0          0         92   cos_i.o
        46          6          0          0          0        204   dunder.o
        44          4          0          0          0         60   fpclassify.o
       172          0          0          0          0         76   poly.o
       924         86        200          0          0        120   rred.o
       156         10          0          0          0        104   sin.o
       236         14         40          0          0        100   sin_i.o
        72          6          0          0          0         76   sqrt.o
        96         10          0          0          0         88   tan.o
       624         48         96          0          0        104   tan_i.o

    ----------------------------------------------------------------------
     13538        596        966          0        324       6616   Library Totals
        18          0          5          0          0          0   (incl. Padding)

    ----------------------------------------------------------------------

      Code (inc. data)   RO Data    RW Data    ZI Data      Debug   Library Name

      5448        162        233          0        324       3440   c_p.l
      4918        162        192          0          0       2040   fz_ps.l
      3154        272        536          0          0       1136   m_ps.l

    ----------------------------------------------------------------------
     13538        596        966          0        324       6616   Library Totals

    ----------------------------------------------------------------------

==============================================================================


      Code (inc. data)   RO Data    RW Data    ZI Data      Debug   

     46888       9212       2644        144       2840     708050   Grand Totals
     46888       9212       2644        144       2840     708050   ELF Image Totals
     46888       9212       2644        144          0          0   ROM Totals

==============================================================================

    Total RO  Size (Code + RO Data)                49532 (  48.37kB)
    Total RW  Size (RW Data + ZI Data)              2984 (   2.91kB)
    Total ROM Size (Code + RO Data + RW Data)      49676 (  48.51kB)

==============================================================================

